Archive member included to satisfy reference by file (symbol)

d:/7.0/toolchain/arm/arm-gnu-toolchain/bin/../lib/gcc/arm-none-eabi/6.2.1/../../../../arm-none-eabi/lib/thumb/v6-m\libc_nano.a(lib_a-exit.o)
                              d:/7.0/toolchain/arm/arm-gnu-toolchain/bin/../lib/gcc/arm-none-eabi/6.2.1/../../../../arm-none-eabi/lib/thumb/v6-m/crt0.o (exit)
d:/7.0/toolchain/arm/arm-gnu-toolchain/bin/../lib/gcc/arm-none-eabi/6.2.1/../../../../arm-none-eabi/lib/thumb/v6-m\libc_nano.a(lib_a-impure.o)
                              d:/7.0/toolchain/arm/arm-gnu-toolchain/bin/../lib/gcc/arm-none-eabi/6.2.1/../../../../arm-none-eabi/lib/thumb/v6-m\libc_nano.a(lib_a-exit.o) (_global_impure_ptr)
d:/7.0/toolchain/arm/arm-gnu-toolchain/bin/../lib/gcc/arm-none-eabi/6.2.1/../../../../arm-none-eabi/lib/thumb/v6-m\libc_nano.a(lib_a-init.o)
                              d:/7.0/toolchain/arm/arm-gnu-toolchain/bin/../lib/gcc/arm-none-eabi/6.2.1/../../../../arm-none-eabi/lib/thumb/v6-m/crt0.o (__libc_init_array)
d:/7.0/toolchain/arm/arm-gnu-toolchain/bin/../lib/gcc/arm-none-eabi/6.2.1/../../../../arm-none-eabi/lib/thumb/v6-m\libc_nano.a(lib_a-memset.o)
                              d:/7.0/toolchain/arm/arm-gnu-toolchain/bin/../lib/gcc/arm-none-eabi/6.2.1/../../../../arm-none-eabi/lib/thumb/v6-m/crt0.o (memset)
d:/7.0/toolchain/arm/arm-gnu-toolchain/bin/../lib/gcc/arm-none-eabi/6.2.1/../../../../arm-none-eabi/lib/thumb/v6-m\libc_nano.a(lib_a-nano-vfprintf_float.o)
                              (_printf_float)
d:/7.0/toolchain/arm/arm-gnu-toolchain/bin/../lib/gcc/arm-none-eabi/6.2.1/../../../../arm-none-eabi/lib/thumb/v6-m\libc_nano.a(lib_a-nano-vfprintf_i.o)
                              d:/7.0/toolchain/arm/arm-gnu-toolchain/bin/../lib/gcc/arm-none-eabi/6.2.1/../../../../arm-none-eabi/lib/thumb/v6-m\libc_nano.a(lib_a-nano-vfprintf_float.o) (_printf_common)
d:/7.0/toolchain/arm/arm-gnu-toolchain/bin/../lib/gcc/arm-none-eabi/6.2.1/../../../../arm-none-eabi/lib/thumb/v6-m\libc_nano.a(lib_a-printf.o)
                              main.o (printf)
d:/7.0/toolchain/arm/arm-gnu-toolchain/bin/../lib/gcc/arm-none-eabi/6.2.1/../../../../arm-none-eabi/lib/thumb/v6-m\libc_nano.a(lib_a-puts.o)
                              main.o (puts)
d:/7.0/toolchain/arm/arm-gnu-toolchain/bin/../lib/gcc/arm-none-eabi/6.2.1/../../../../arm-none-eabi/lib/thumb/v6-m\libc_nano.a(lib_a-setbuf.o)
                              main.o (setbuf)
d:/7.0/toolchain/arm/arm-gnu-toolchain/bin/../lib/gcc/arm-none-eabi/6.2.1/../../../../arm-none-eabi/lib/thumb/v6-m\libc_nano.a(lib_a-setvbuf.o)
                              d:/7.0/toolchain/arm/arm-gnu-toolchain/bin/../lib/gcc/arm-none-eabi/6.2.1/../../../../arm-none-eabi/lib/thumb/v6-m\libc_nano.a(lib_a-setbuf.o) (setvbuf)
d:/7.0/toolchain/arm/arm-gnu-toolchain/bin/../lib/gcc/arm-none-eabi/6.2.1/../../../../arm-none-eabi/lib/thumb/v6-m\libc_nano.a(lib_a-strlen.o)
                              d:/7.0/toolchain/arm/arm-gnu-toolchain/bin/../lib/gcc/arm-none-eabi/6.2.1/../../../../arm-none-eabi/lib/thumb/v6-m\libc_nano.a(lib_a-nano-vfprintf_float.o) (strlen)
d:/7.0/toolchain/arm/arm-gnu-toolchain/bin/../lib/gcc/arm-none-eabi/6.2.1/../../../../arm-none-eabi/lib/thumb/v6-m\libc_nano.a(lib_a-wbuf.o)
                              d:/7.0/toolchain/arm/arm-gnu-toolchain/bin/../lib/gcc/arm-none-eabi/6.2.1/../../../../arm-none-eabi/lib/thumb/v6-m\libc_nano.a(lib_a-puts.o) (__swbuf_r)
d:/7.0/toolchain/arm/arm-gnu-toolchain/bin/../lib/gcc/arm-none-eabi/6.2.1/../../../../arm-none-eabi/lib/thumb/v6-m\libc_nano.a(lib_a-wsetup.o)
                              d:/7.0/toolchain/arm/arm-gnu-toolchain/bin/../lib/gcc/arm-none-eabi/6.2.1/../../../../arm-none-eabi/lib/thumb/v6-m\libc_nano.a(lib_a-puts.o) (__swsetup_r)
d:/7.0/toolchain/arm/arm-gnu-toolchain/bin/../lib/gcc/arm-none-eabi/6.2.1/../../../../arm-none-eabi/lib/thumb/v6-m\libc_nano.a(lib_a-dtoa.o)
                              d:/7.0/toolchain/arm/arm-gnu-toolchain/bin/../lib/gcc/arm-none-eabi/6.2.1/../../../../arm-none-eabi/lib/thumb/v6-m\libc_nano.a(lib_a-nano-vfprintf_float.o) (_dtoa_r)
d:/7.0/toolchain/arm/arm-gnu-toolchain/bin/../lib/gcc/arm-none-eabi/6.2.1/../../../../arm-none-eabi/lib/thumb/v6-m\libc_nano.a(lib_a-fflush.o)
                              d:/7.0/toolchain/arm/arm-gnu-toolchain/bin/../lib/gcc/arm-none-eabi/6.2.1/../../../../arm-none-eabi/lib/thumb/v6-m\libc_nano.a(lib_a-setvbuf.o) (_fflush_r)
d:/7.0/toolchain/arm/arm-gnu-toolchain/bin/../lib/gcc/arm-none-eabi/6.2.1/../../../../arm-none-eabi/lib/thumb/v6-m\libc_nano.a(lib_a-findfp.o)
                              d:/7.0/toolchain/arm/arm-gnu-toolchain/bin/../lib/gcc/arm-none-eabi/6.2.1/../../../../arm-none-eabi/lib/thumb/v6-m\libc_nano.a(lib_a-printf.o) (__sinit)
d:/7.0/toolchain/arm/arm-gnu-toolchain/bin/../lib/gcc/arm-none-eabi/6.2.1/../../../../arm-none-eabi/lib/thumb/v6-m\libc_nano.a(lib_a-fwalk.o)
[...]
Memory Configuration

Name             Origin             Length             Attributes
rom              0x00000000         0x00010000         xr
ram              0x20000000         0x00002000         xrw
*default*        0x00000000         0xffffffff

Linker script and memory map

LOAD d:/7.0/toolchain/arm/arm-gnu-toolchain/bin/../lib/gcc/arm-none-eabi/6.2.1/thumb/v6-m/crti.o
LOAD d:/7.0/toolchain/arm/arm-gnu-toolchain/bin/../lib/gcc/arm-none-eabi/6.2.1/thumb/v6-m/crtbegin.o
LOAD d:/7.0/toolchain/arm/arm-gnu-toolchain/bin/../lib/gcc/arm-none-eabi/6.2.1/../../../../arm-none-eabi/lib/thumb/v6-m/crt0.o
LOAD AIS3624DQ.o
LOAD main.o
LOAD src/ASF/sam0/drivers/sercom/i2c/i2c_sam0/i2c_master.o
LOAD src/ASF/sam0/utils/stdio/read.o
LOAD src/ASF/sam0/utils/stdio/write.o
LOAD src/ASF/sam0/drivers/sercom/usart/usart.o
LOAD src/ASF/sam0/drivers/sercom/sercom.o
LOAD src/ASF/common2/services/delay/sam0/systick_counter.o
LOAD src/ASF/common/utils/interrupt/interrupt_sam_nvic.o
LOAD src/ASF/sam0/boards/samha1g16a_xplained_pro/board_init.o
LOAD src/ASF/sam0/drivers/port/port.o
LOAD src/ASF/sam0/drivers/system/clock/clock_samd21_r21_da_ha1/clock.o
LOAD src/ASF/sam0/drivers/system/clock/clock_samd21_r21_da_ha1/gclk.o
LOAD src/ASF/sam0/drivers/system/interrupt/system_interrupt.o
LOAD src/ASF/sam0/drivers/system/pinmux/pinmux.o
LOAD src/ASF/sam0/drivers/system/system.o
LOAD src/ASF/sam0/utils/cmsis/samha1/source/gcc/startup_samha1.o
LOAD src/ASF/sam0/utils/cmsis/samha1/source/system_samha1.o
LOAD src/ASF/sam0/utils/syscalls/gcc/syscalls.o
START GROUP
LOAD ../src/ASF/thirdparty/CMSIS/Lib/GCC\libarm_cortexM0l_math.a
END GROUP
LOAD d:/7.0/toolchain/arm/arm-gnu-toolchain/bin/../lib/gcc/arm-none-eabi/6.2.1/../../../../arm-none-eabi/lib/thumb/v6-m\libstdc++_nano.a
LOAD d:/7.0/toolchain/arm/arm-gnu-toolchain/bin/../lib/gcc/arm-none-eabi/6.2.1/../../../../arm-none-eabi/lib/thumb/v6-m\libm.a
LOAD d:/7.0/toolchain/arm/arm-gnu-toolchain/bin/../lib/gcc/arm-none-eabi/6.2.1/../../../../arm-none-eabi/lib/thumb/v6-m\libc_nano.a
START GROUP
LOAD d:/7.0/toolchain/arm/arm-gnu-toolchain/bin/../lib/gcc/arm-none-eabi/6.2.1/thumb/v6-m\libgcc.a
LOAD d:/7.0/toolchain/arm/arm-gnu-toolchain/bin/../lib/gcc/arm-none-eabi/6.2.1/../../../../arm-none-eabi/lib/thumb/v6-m\libc_nano.a
END GROUP
START GROUP
LOAD d:/7.0/toolchain/arm/arm-gnu-toolchain/bin/../lib/gcc/arm-none-eabi/6.2.1/thumb/v6-m\libgcc.a
LOAD d:/7.0/toolchain/arm/arm-gnu-toolchain/bin/../lib/gcc/arm-none-eabi/6.2.1/../../../../arm-none-eabi/lib/thumb/v6-m\libc_nano.a
END GROUP
LOAD d:/7.0/toolchain/arm/arm-gnu-toolchain/bin/../lib/gcc/arm-none-eabi/6.2.1/thumb/v6-m/crtend.o
LOAD d:/7.0/toolchain/arm/arm-gnu-toolchain/bin/../lib/gcc/arm-none-eabi/6.2.1/thumb/v6-m/crtn.o
                0x00000800                STACK_SIZE = DEFINED (STACK_SIZE)?STACK_SIZE:DEFINED (__stack_size__)?__stack_size__:0x800

.text           0x00000000     0x6564
                0x00000000                . = ALIGN (0x4)
                0x00000000                _sfixed = .
 *(.vectors .vectors.*)
 .vectors       0x00000000       0xb4 src/ASF/sam0/utils/cmsis/samha1/source/gcc/startup_samha1.o
                0x00000000                exception_table
 *(.text .text.* .gnu.linkonce.t.*)
 .text          0x000000b4       0x60 d:/7.0/toolchain/arm/arm-gnu-toolchain/bin/../lib/gcc/arm-none-eabi/6.2.1/thumb/v6-m/crtbegin.o
 .text._Z20configure_i2c_masterv
                0x00000114       0x8c AIS3624DQ.o
                0x00000114                configure_i2c_master()
 .text._ZN13AIS3624DQcore13readRegister8EPhS0_
                0x000001a0       0x78 AIS3624DQ.o
                0x000001a0                AIS3624DQcore::readRegister8(unsigned char*, unsigned char*)
 .text._ZN9AIS3624DQ5beginEv
                0x00000218       0x40 AIS3624DQ.o
                0x00000218                AIS3624DQ::begin()
 .text._ZN9AIS3624DQ16XYZdataAvailableEv
                0x00000258       0x24 AIS3624DQ.o
                0x00000258                AIS3624DQ::XYZdataAvailable()
 .text._ZN9AIS3624DQ13readRawAccelXEPs
                0x0000027c       0x38 AIS3624DQ.o
                0x0000027c                AIS3624DQ::readRawAccelX(short*)
 .text._ZN9AIS3624DQ13readRawAccelYEPs
                0x000002b4       0x38 AIS3624DQ.o
                0x000002b4                AIS3624DQ::readRawAccelY(short*)
 .text._ZN9AIS3624DQ13readRawAccelZEPs
                0x000002ec       0x38 AIS3624DQ.o
                0x000002ec                AIS3624DQ::readRawAccelZ(short*)
 .text._ZN9AIS3624DQC2Eh
                0x00000324       0x10 AIS3624DQ.o
                0x00000324                AIS3624DQ::AIS3624DQ(unsigned char)
                0x00000324                AIS3624DQ::AIS3624DQ(unsigned char)
 .text.usart_serial_getchar
                0x00000334       0x2c main.o
 .text.usart_serial_putchar
                0x00000360       0x18 main.o
 .text._Z15configure_usartv
                0x00000378       0xec main.o
                0x00000378                configure_usart()
 .text._Z19configure_port_pinsv
                0x00000464       0x28 main.o
                0x00000464                configure_port_pins()
 .text.main     0x0000048c       0xd8 main.o
                0x0000048c                main
 .text._GLOBAL__sub_I_usart_instance
                0x00000564       0x18 main.o
 .text._i2c_master_wait_for_sync
                0x0000057c        0xc src/ASF/sam0/drivers/sercom/i2c/i2c_sam0/i2c_master.o
 .text.i2c_master_init
                0x00000588      0x2c8 src/ASF/sam0/drivers/sercom/i2c/i2c_sam0/i2c_master.o
                0x00000588                i2c_master_init
 .text._i2c_master_address_response
                0x00000850       0x30 src/ASF/sam0/drivers/sercom/i2c/i2c_sam0/i2c_master.o
                0x00000850                _i2c_master_address_response
 .text._i2c_master_wait_for_bus
                0x00000880       0x2c src/ASF/sam0/drivers/sercom/i2c/i2c_sam0/i2c_master.o
                0x00000880                _i2c_master_wait_for_bus
 .text._i2c_master_send_hs_master_code
                0x000008ac       0x20 src/ASF/sam0/drivers/sercom/i2c/i2c_sam0/i2c_master.o
                0x000008ac                _i2c_master_send_hs_master_code
 .text._i2c_master_read_packet
                0x000008cc      0x1a0 src/ASF/sam0/drivers/sercom/i2c/i2c_sam0/i2c_master.o
 .text._i2c_master_write_packet
                0x00000a6c       0xf4 src/ASF/sam0/drivers/sercom/i2c/i2c_sam0/i2c_master.o
 .text.i2c_master_read_packet_wait
                0x00000b60       0x14 src/ASF/sam0/drivers/sercom/i2c/i2c_sam0/i2c_master.o
                0x00000b60                i2c_master_read_packet_wait
 .text.i2c_master_write_packet_wait
                0x00000b74       0x14 src/ASF/sam0/drivers/sercom/i2c/i2c_sam0/i2c_master.o
                0x00000b74                i2c_master_write_packet_wait
 .text.i2c_master_write_packet_wait_no_stop
                0x00000b88       0x14 src/ASF/sam0/drivers/sercom/i2c/i2c_sam0/i2c_master.o
                0x00000b88                i2c_master_write_packet_wait_no_stop
 .text._read    0x00000b9c       0x44 src/ASF/sam0/utils/stdio/read.o
                0x00000b9c                _read
 .text._write   0x00000be0       0x50 src/ASF/sam0/utils/stdio/write.o
                0x00000be0                _write
 .text.usart_init
                0x00000c30      0x2fc src/ASF/sam0/drivers/sercom/usart/usart.o
                0x00000c30                usart_init
 .text.usart_write_wait
                0x00000f2c       0x2a src/ASF/sam0/drivers/sercom/usart/usart.o
                0x00000f2c                usart_write_wait
 .text.usart_read_wait
                0x00000f56       0x68 src/ASF/sam0/drivers/sercom/usart/usart.o
                0x00000f56                usart_read_wait
 .text.long_division
                0x00000fbe       0xba src/ASF/sam0/drivers/sercom/sercom.o
 .text._sercom_get_sync_baud_val
                0x00001078       0x28 src/ASF/sam0/drivers/sercom/sercom.o
                0x00001078                _sercom_get_sync_baud_val
 .text._sercom_get_async_baud_val
                0x000010a0       0x94 src/ASF/sam0/drivers/sercom/sercom.o
                0x000010a0                _sercom_get_async_baud_val
 .text.sercom_set_gclk_generator
                0x00001134       0x4c src/ASF/sam0/drivers/sercom/sercom.o
                0x00001134                sercom_set_gclk_generator
 .text._sercom_get_default_pad
                0x00001180      0x164 src/ASF/sam0/drivers/sercom/sercom.o
                0x00001180                _sercom_get_default_pad
 .text._sercom_get_sercom_inst_index
                0x000012e4       0x38 src/ASF/sam0/drivers/sercom/sercom.o
                0x000012e4                _sercom_get_sercom_inst_index
 .text.delay_init
                0x0000131c       0x40 src/ASF/common2/services/delay/sam0/systick_counter.o
                0x0000131c                delay_init
 .text.cpu_irq_enter_critical
                0x0000135c       0x40 src/ASF/common/utils/interrupt/interrupt_sam_nvic.o
                0x0000135c                cpu_irq_enter_critical
 .text.cpu_irq_leave_critical
                0x0000139c       0x30 src/ASF/common/utils/interrupt/interrupt_sam_nvic.o
                0x0000139c                cpu_irq_leave_critical
 .text.system_board_init
                0x000013cc       0x34 src/ASF/sam0/boards/samha1g16a_xplained_pro/board_init.o
                0x000013cc                board_init
                0x000013cc                system_board_init
 .text.port_pin_set_config
                0x00001400       0x24 src/ASF/sam0/drivers/port/port.o
                0x00001400                port_pin_set_config
 .text.system_clock_source_get_hz
                0x00001424       0x90 src/ASF/sam0/drivers/system/clock/clock_samd21_r21_da_ha1/clock.o
                0x00001424                system_clock_source_get_hz
 .text.system_gclk_gen_get_hz
                0x000014b4       0x8c src/ASF/sam0/drivers/system/clock/clock_samd21_r21_da_ha1/gclk.o
                0x000014b4                system_gclk_gen_get_hz
 .text.system_gclk_chan_enable
                0x00001540       0x30 src/ASF/sam0/drivers/system/clock/clock_samd21_r21_da_ha1/gclk.o
                0x00001540                system_gclk_chan_enable
 .text.system_gclk_chan_disable
                0x00001570       0x5c src/ASF/sam0/drivers/system/clock/clock_samd21_r21_da_ha1/gclk.o
                0x00001570                system_gclk_chan_disable
 .text.system_gclk_chan_set_config
                0x000015cc       0x1c src/ASF/sam0/drivers/system/clock/clock_samd21_r21_da_ha1/gclk.o
                0x000015cc                system_gclk_chan_set_config
 .text.system_gclk_chan_get_hz
                0x000015e8       0x34 src/ASF/sam0/drivers/system/clock/clock_samd21_r21_da_ha1/gclk.o
                0x000015e8                system_gclk_chan_get_hz
 .text._system_pinmux_config
                0x0000161c       0xa8 src/ASF/sam0/drivers/system/pinmux/pinmux.o
 .text.system_pinmux_pin_set_config
                0x000016c4       0x30 src/ASF/sam0/drivers/system/pinmux/pinmux.o
                0x000016c4                system_pinmux_pin_set_config
 .text.Dummy_Handler
                0x000016f4        0x2 src/ASF/sam0/utils/cmsis/samha1/source/gcc/startup_samha1.o
                0x000016f4                DMAC_Handler
                0x000016f4                HardFault_Handler
                0x000016f4                AC_Handler
                0x000016f4                SysTick_Handler
                0x000016f4                PendSV_Handler
                0x000016f4                NMI_Handler
                0x000016f4                TC7_Handler
                0x000016f4                SERCOM1_Handler
                0x000016f4                ADC_Handler
                0x000016f4                TCC1_Handler
                0x000016f4                SERCOM2_Handler
                0x000016f4                TCC0_Handler
                0x000016f4                RTC_Handler
                0x000016f4                EIC_Handler
                0x000016f4                TC6_Handler
                0x000016f4                WDT_Handler
                0x000016f4                TC4_Handler
                0x000016f4                TC3_Handler
                0x000016f4                Dummy_Handler
                0x000016f4                PM_Handler
                0x000016f4                SERCOM5_Handler
                0x000016f4                SVC_Handler
                0x000016f4                TCC2_Handler
                0x000016f4                EVSYS_Handler
                0x000016f4                SERCOM3_Handler
                0x000016f4                SERCOM4_Handler
                0x000016f4                NVMCTRL_Handler
                0x000016f4                SERCOM0_Handler
                0x000016f4                DAC_Handler
                0x000016f4                PTC_Handler
                0x000016f4                TC5_Handler
                0x000016f4                SYSCTRL_Handler
 *fill*         0x000016f6        0x2 
 .text.Reset_Handler
                0x000016f8       0xd0 src/ASF/sam0/utils/cmsis/samha1/source/gcc/startup_samha1.o
                0x000016f8                Reset_Handler
 .text.SystemInit
                0x000017c8       0x10 src/ASF/sam0/utils/cmsis/samha1/source/system_samha1.o
                0x000017c8                SystemInit
 .text._sbrk    0x000017d8       0x24 src/ASF/sam0/utils/syscalls/gcc/syscalls.o
                0x000017d8                _sbrk
 .text._close   0x000017fc        0x6 src/ASF/sam0/utils/syscalls/gcc/syscalls.o
                0x000017fc                _close
 .text._fstat   0x00001802        0xa src/ASF/sam0/utils/syscalls/gcc/syscalls.o
                0x00001802                _fstat
 .text._isatty  0x0000180c        0x4 src/ASF/sam0/utils/syscalls/gcc/syscalls.o
                0x0000180c                _isatty
 .text._lseek   0x00001810        0x4 src/ASF/sam0/utils/syscalls/gcc/syscalls.o
                0x00001810                _lseek
 .text.__libc_init_array
                0x00001814       0x48 d:/7.0/toolchain/arm/arm-gnu-toolchain/bin/../lib/gcc/arm-none-eabi/6.2.1/../../../../arm-none-eabi/lib/thumb/v6-m\libc_nano.a(lib_a-init.o)
                0x00001814                __libc_init_array
 .text.memset   0x0000185c       0x10 d:/7.0/toolchain/arm/arm-gnu-toolchain/bin/../lib/gcc/arm-none-eabi/6.2.1/../../../../arm-none-eabi/lib/thumb/v6-m\libc_nano.a(lib_a-memset.o)
                0x0000185c                memset
 .text.__cvt    0x0000186c       0xc8 d:/7.0/toolchain/arm/arm-gnu-toolchain/bin/../lib/gcc/arm-none-eabi/6.2.1/../../../../arm-none-eabi/lib/thumb/v6-m\libc_nano.a(lib_a-nano-vfprintf_float.o)
                0x0000186c                __cvt
 .text.__exponent
                0x00001934       0x70 d:/7.0/toolchain/arm/arm-gnu-toolchain/bin/../lib/gcc/arm-none-eabi/6.2.1/../../../../arm-none-eabi/lib/thumb/v6-m\libc_nano.a(lib_a-nano-vfprintf_float.o)
                0x00001934                __exponent
 .text._printf_float
                0x000019a4      0x498 d:/7.0/toolchain/arm/arm-gnu-toolchain/bin/../lib/gcc/arm-none-eabi/6.2.1/../../../../arm-none-eabi/lib/thumb/v6-m\libc_nano.a(lib_a-nano-vfprintf_float.o)
                0x000019a4                _printf_float
 .text._printf_common
                0x00001e3c       0xda d:/7.0/toolchain/arm/arm-gnu-toolchain/bin/../lib/gcc/arm-none-eabi/6.2.1/../../../../arm-none-eabi/lib/thumb/v6-m\libc_nano.a(lib_a-nano-vfprintf_i.o)
                0x00001e3c                _printf_common
 *fill*         0x00001f16        0x2 
 .text._printf_i
                0x00001f18      0x234 d:/7.0/toolchain/arm/arm-gnu-toolchain/bin/../lib/gcc/arm-none-eabi/6.2.1/../../../../arm-none-eabi/lib/thumb/v6-m\libc_nano.a(lib_a-nano-vfprintf_i.o)
                0x00001f18                _printf_i
 .text.printf   0x0000214c       0x34 d:/7.0/toolchain/arm/arm-gnu-toolchain/bin/../lib/gcc/arm-none-eabi/6.2.1/../../../../arm-none-eabi/lib/thumb/v6-m\libc_nano.a(lib_a-printf.o)
                0x0000214c                iprintf
                0x0000214c                printf
 .text._puts_r  0x00002180       0xc0 d:/7.0/toolchain/arm/arm-gnu-toolchain/bin/../lib/gcc/arm-none-eabi/6.2.1/../../../../arm-none-eabi/lib/thumb/v6-m\libc_nano.a(lib_a-puts.o)
                0x00002180                _puts_r
 .text.puts     0x00002240       0x14 d:/7.0/toolchain/arm/arm-gnu-toolchain/bin/../lib/gcc/arm-none-eabi/6.2.1/../../../../arm-none-eabi/lib/thumb/v6-m\libc_nano.a(lib_a-puts.o)
                0x00002240                puts
 .text.setbuf   0x00002254       0x12 d:/7.0/toolchain/arm/arm-gnu-toolchain/bin/../lib/gcc/arm-none-eabi/6.2.1/../../../../arm-none-eabi/lib/thumb/v6-m\libc_nano.a(lib_a-setbuf.o)
                0x00002254                setbuf
 *fill*         0x00002266        0x2 
 .text.setvbuf  0x00002268      0x158 d:/7.0/toolchain/arm/arm-gnu-toolchain/bin/../lib/gcc/arm-none-eabi/6.2.1/../../../../arm-none-eabi/lib/thumb/v6-m\libc_nano.a(lib_a-setvbuf.o)
                0x00002268                setvbuf
 .text          0x000023c0        0xe d:/7.0/toolchain/arm/arm-gnu-toolchain/bin/../lib/gcc/arm-none-eabi/6.2.1/../../../../arm-none-eabi/lib/thumb/v6-m\libc_nano.a(lib_a-strlen.o)
                0x000023c0                strlen
 *fill*         0x000023ce        0x2 
 .text.__swbuf_r
                0x000023d0       0xac d:/7.0/toolchain/arm/arm-gnu-toolchain/bin/../lib/gcc/arm-none-eabi/6.2.1/../../../../arm-none-eabi/lib/thumb/v6-m\libc_nano.a(lib_a-wbuf.o)
                0x000023d0                __swbuf_r
 .text.__swsetup_r
                0x0000247c       0xec d:/7.0/toolchain/arm/arm-gnu-toolchain/bin/../lib/gcc/arm-none-eabi/6.2.1/../../../../arm-none-eabi/lib/thumb/v6-m\libc_nano.a(lib_a-wsetup.o)
                0x0000247c                __swsetup_r
 .text.quorem   0x00002568      0x108 d:/7.0/toolchain/arm/arm-gnu-toolchain/bin/../lib/gcc/arm-none-eabi/6.2.1/../../../../arm-none-eabi/lib/thumb/v6-m\libc_nano.a(lib_a-dtoa.o)
 .text._dtoa_r  0x00002670      0xbd0 d:/7.0/toolchain/arm/arm-gnu-toolchain/bin/../lib/gcc/arm-none-eabi/6.2.1/../../../../arm-none-eabi/lib/thumb/v6-m\libc_nano.a(lib_a-dtoa.o)
                0x00002670                _dtoa_r
 .text.__sflush_r
                0x00003240      0x114 d:/7.0/toolchain/arm/arm-gnu-toolchain/bin/../lib/gcc/arm-none-eabi/6.2.1/../../../../arm-none-eabi/lib/thumb/v6-m\libc_nano.a(lib_a-fflush.o)
                0x00003240                __sflush_r
 .text._fflush_r
                0x00003354       0x58 d:/7.0/toolchain/arm/arm-gnu-toolchain/bin/../lib/gcc/arm-none-eabi/6.2.1/../../../../arm-none-eabi/lib/thumb/v6-m\libc_nano.a(lib_a-fflush.o)
                0x00003354                _fflush_r
 .text._cleanup_r
                0x000033ac       0x10 d:/7.0/toolchain/arm/arm-gnu-toolchain/bin/../lib/gcc/arm-none-eabi/6.2.1/../../../../arm-none-eabi/lib/thumb/v6-m\libc_nano.a(lib_a-findfp.o)
                0x000033ac                _cleanup_r
 .text.std.isra.0
                0x000033bc       0x48 d:/7.0/toolchain/arm/arm-gnu-toolchain/bin/../lib/gcc/arm-none-eabi/6.2.1/../../../../arm-none-eabi/lib/thumb/v6-m\libc_nano.a(lib_a-findfp.o)
 .text.__sfmoreglue
                0x00003404       0x2c d:/7.0/toolchain/arm/arm-gnu-toolchain/bin/../lib/gcc/arm-none-eabi/6.2.1/../../../../arm-none-eabi/lib/thumb/v6-m\libc_nano.a(lib_a-findfp.o)
                0x00003404                __sfmoreglue
 .text.__sinit  0x00003430       0x68 d:/7.0/toolchain/arm/arm-gnu-toolchain/bin/../lib/gcc/arm-none-eabi/6.2.1/../../../../arm-none-eabi/lib/thumb/v6-m\libc_nano.a(lib_a-findfp.o)
                0x00003430                __sinit
 .text.__sfp    0x00003498       0x80 d:/7.0/toolchain/arm/arm-gnu-toolchain/bin/../lib/gcc/arm-none-eabi/6.2.1/../../../../arm-none-eabi/lib/thumb/v6-m\libc_nano.a(lib_a-findfp.o)
                0x00003498                __sfp
 .text._fwalk_reent
                0x00003518       0x42 d:/7.0/toolchain/arm/arm-gnu-toolchain/bin/../lib/gcc/arm-none-eabi/6.2.1/../../../../arm-none-eabi/lib/thumb/v6-m\libc_nano.a(lib_a-fwalk.o)
                0x00003518                _fwalk_reent
 *fill*         0x0000355a        0x2 
 .text._localeconv_r
                0x0000355c       0x18 d:/7.0/toolchain/arm/arm-gnu-toolchain/bin/../lib/gcc/arm-none-eabi/6.2.1/../../../../arm-none-eabi/lib/thumb/v6-m\libc_nano.a(lib_a-localeconv.o)
                0x0000355c                _localeconv_r
 .text.__swhatbuf_r
                0x00003574       0x50 d:/7.0/toolchain/arm/arm-gnu-toolchain/bin/../lib/gcc/arm-none-eabi/6.2.1/../../../../arm-none-eabi/lib/thumb/v6-m\libc_nano.a(lib_a-makebuf.o)
                0x00003574                __swhatbuf_r
 .text.__smakebuf_r
                0x000035c4       0x7c d:/7.0/toolchain/arm/arm-gnu-toolchain/bin/../lib/gcc/arm-none-eabi/6.2.1/../../../../arm-none-eabi/lib/thumb/v6-m\libc_nano.a(lib_a-makebuf.o)
                0x000035c4                __smakebuf_r
 .text.malloc   0x00003640       0x14 d:/7.0/toolchain/arm/arm-gnu-toolchain/bin/../lib/gcc/arm-none-eabi/6.2.1/../../../../arm-none-eabi/lib/thumb/v6-m\libc_nano.a(lib_a-malloc.o)
                0x00003640                malloc
 .text.memchr   0x00003654       0x16 d:/7.0/toolchain/arm/arm-gnu-toolchain/bin/../lib/gcc/arm-none-eabi/6.2.1/../../../../arm-none-eabi/lib/thumb/v6-m\libc_nano.a(lib_a-memchr-stub.o)
                0x00003654                memchr
 .text.memcpy   0x0000366a       0x12 d:/7.0/toolchain/arm/arm-gnu-toolchain/bin/../lib/gcc/arm-none-eabi/6.2.1/../../../../arm-none-eabi/lib/thumb/v6-m\libc_nano.a(lib_a-memcpy-stub.o)
                0x0000366a                memcpy
 .text._Balloc  0x0000367c       0x70 d:/7.0/toolchain/arm/arm-gnu-toolchain/bin/../lib/gcc/arm-none-eabi/6.2.1/../../../../arm-none-eabi/lib/thumb/v6-m\libc_nano.a(lib_a-mprec.o)
                0x0000367c                _Balloc
 .text._Bfree   0x000036ec       0x32 d:/7.0/toolchain/arm/arm-gnu-toolchain/bin/../lib/gcc/arm-none-eabi/6.2.1/../../../../arm-none-eabi/lib/thumb/v6-m\libc_nano.a(lib_a-mprec.o)
                0x000036ec                _Bfree
 .text.__multadd
                0x0000371e       0x78 d:/7.0/toolchain/arm/arm-gnu-toolchain/bin/../lib/gcc/arm-none-eabi/6.2.1/../../../../arm-none-eabi/lib/thumb/v6-m\libc_nano.a(lib_a-mprec.o)
                0x0000371e                __multadd
 .text.__hi0bits
                0x00003796       0x34 d:/7.0/toolchain/arm/arm-gnu-toolchain/bin/../lib/gcc/arm-none-eabi/6.2.1/../../../../arm-none-eabi/lib/thumb/v6-m\libc_nano.a(lib_a-mprec.o)
                0x00003796                __hi0bits
 .text.__lo0bits
                0x000037ca       0x5e d:/7.0/toolchain/arm/arm-gnu-toolchain/bin/../lib/gcc/arm-none-eabi/6.2.1/../../../../arm-none-eabi/lib/thumb/v6-m\libc_nano.a(lib_a-mprec.o)
                0x000037ca                __lo0bits
 .text.__i2b    0x00003828       0x12 d:/7.0/toolchain/arm/arm-gnu-toolchain/bin/../lib/gcc/arm-none-eabi/6.2.1/../../../../arm-none-eabi/lib/thumb/v6-m\libc_nano.a(lib_a-mprec.o)
                0x00003828                __i2b
 .text.__multiply
                0x0000383a      0x11e d:/7.0/toolchain/arm/arm-gnu-toolchain/bin/../lib/gcc/arm-none-eabi/6.2.1/../../../../arm-none-eabi/lib/thumb/v6-m\libc_nano.a(lib_a-mprec.o)
                0x0000383a                __multiply
 .text.__pow5mult
                0x00003958       0xa4 d:/7.0/toolchain/arm/arm-gnu-toolchain/bin/../lib/gcc/arm-none-eabi/6.2.1/../../../../arm-none-eabi/lib/thumb/v6-m\libc_nano.a(lib_a-mprec.o)
                0x00003958                __pow5mult
 .text.__lshift
                0x000039fc       0xa2 d:/7.0/toolchain/arm/arm-gnu-toolchain/bin/../lib/gcc/arm-none-eabi/6.2.1/../../../../arm-none-eabi/lib/thumb/v6-m\libc_nano.a(lib_a-mprec.o)
                0x000039fc                __lshift
 .text.__mcmp   0x00003a9e       0x32 d:/7.0/toolchain/arm/arm-gnu-toolchain/bin/../lib/gcc/arm-none-eabi/6.2.1/../../../../arm-none-eabi/lib/thumb/v6-m\libc_nano.a(lib_a-mprec.o)
                0x00003a9e                __mcmp
 .text.__mdiff  0x00003ad0       0xc8 d:/7.0/toolchain/arm/arm-gnu-toolchain/bin/../lib/gcc/arm-none-eabi/6.2.1/../../../../arm-none-eabi/lib/thumb/v6-m\libc_nano.a(lib_a-mprec.o)
                0x00003ad0                __mdiff
 .text.__d2b    0x00003b98       0xa8 d:/7.0/toolchain/arm/arm-gnu-toolchain/bin/../lib/gcc/arm-none-eabi/6.2.1/../../../../arm-none-eabi/lib/thumb/v6-m\libc_nano.a(lib_a-mprec.o)
                0x00003b98                __d2b
 .text._calloc_r
                0x00003c40       0x1c d:/7.0/toolchain/arm/arm-gnu-toolchain/bin/../lib/gcc/arm-none-eabi/6.2.1/../../../../arm-none-eabi/lib/thumb/v6-m\libc_nano.a(lib_a-nano-callocr.o)
                0x00003c40                _calloc_r
 .text._free_r  0x00003c5c       0x94 d:/7.0/toolchain/arm/arm-gnu-toolchain/bin/../lib/gcc/arm-none-eabi/6.2.1/../../../../arm-none-eabi/lib/thumb/v6-m\libc_nano.a(lib_a-nano-freer.o)
                0x00003c5c                _free_r
 .text._malloc_r
                0x00003cf0       0xbc d:/7.0/toolchain/arm/arm-gnu-toolchain/bin/../lib/gcc/arm-none-eabi/6.2.1/../../../../arm-none-eabi/lib/thumb/v6-m\libc_nano.a(lib_a-nano-mallocr.o)
                0x00003cf0                _malloc_r
 .text.__sfputc_r
                0x00003dac       0x2a d:/7.0/toolchain/arm/arm-gnu-toolchain/bin/../lib/gcc/arm-none-eabi/6.2.1/../../../../arm-none-eabi/lib/thumb/v6-m\libc_nano.a(lib_a-nano-vfprintf.o)
 .text.__sfputs_r
                0x00003dd6       0x24 d:/7.0/toolchain/arm/arm-gnu-toolchain/bin/../lib/gcc/arm-none-eabi/6.2.1/../../../../arm-none-eabi/lib/thumb/v6-m\libc_nano.a(lib_a-nano-vfprintf.o)
                0x00003dd6                __sfputs_r
 *fill*         0x00003dfa        0x2 
 .text._vfprintf_r
                0x00003dfc      0x238 d:/7.0/toolchain/arm/arm-gnu-toolchain/bin/../lib/gcc/arm-none-eabi/6.2.1/../../../../arm-none-eabi/lib/thumb/v6-m\libc_nano.a(lib_a-nano-vfprintf.o)
                0x00003dfc                _vfprintf_r
                0x00003dfc                _vfiprintf_r
 .text._sbrk_r  0x00004034       0x24 d:/7.0/toolchain/arm/arm-gnu-toolchain/bin/../lib/gcc/arm-none-eabi/6.2.1/../../../../arm-none-eabi/lib/thumb/v6-m\libc_nano.a(lib_a-sbrkr.o)
                0x00004034                _sbrk_r
 .text.__sread  0x00004058       0x28 d:/7.0/toolchain/arm/arm-gnu-toolchain/bin/../lib/gcc/arm-none-eabi/6.2.1/../../../../arm-none-eabi/lib/thumb/v6-m\libc_nano.a(lib_a-stdio.o)
                0x00004058                __sread
 .text.__swrite
                0x00004080       0x38 d:/7.0/toolchain/arm/arm-gnu-toolchain/bin/../lib/gcc/arm-none-eabi/6.2.1/../../../../arm-none-eabi/lib/thumb/v6-m\libc_nano.a(lib_a-stdio.o)
                0x00004080                __swrite
 .text.__sseek  0x000040b8       0x2c d:/7.0/toolchain/arm/arm-gnu-toolchain/bin/../lib/gcc/arm-none-eabi/6.2.1/../../../../arm-none-eabi/lib/thumb/v6-m\libc_nano.a(lib_a-stdio.o)
                0x000040b8                __sseek
 .text.__sclose
                0x000040e4        0xc d:/7.0/toolchain/arm/arm-gnu-toolchain/bin/../lib/gcc/arm-none-eabi/6.2.1/../../../../arm-none-eabi/lib/thumb/v6-m\libc_nano.a(lib_a-stdio.o)
                0x000040e4                __sclose
 .text._write_r
                0x000040f0       0x28 d:/7.0/toolchain/arm/arm-gnu-toolchain/bin/../lib/gcc/arm-none-eabi/6.2.1/../../../../arm-none-eabi/lib/thumb/v6-m\libc_nano.a(lib_a-writer.o)
                0x000040f0                _write_r
 .text._close_r
                0x00004118       0x24 d:/7.0/toolchain/arm/arm-gnu-toolchain/bin/../lib/gcc/arm-none-eabi/6.2.1/../../../../arm-none-eabi/lib/thumb/v6-m\libc_nano.a(lib_a-closer.o)
                0x00004118                _close_r
 .text._fstat_r
                0x0000413c       0x24 d:/7.0/toolchain/arm/arm-gnu-toolchain/bin/../lib/gcc/arm-none-eabi/6.2.1/../../../../arm-none-eabi/lib/thumb/v6-m\libc_nano.a(lib_a-fstatr.o)
                0x0000413c                _fstat_r
 .text._isatty_r
                0x00004160       0x24 d:/7.0/toolchain/arm/arm-gnu-toolchain/bin/../lib/gcc/arm-none-eabi/6.2.1/../../../../arm-none-eabi/lib/thumb/v6-m\libc_nano.a(lib_a-isattyr.o)
                0x00004160                _isatty_r
 .text._lseek_r
                0x00004184       0x28 d:/7.0/toolchain/arm/arm-gnu-toolchain/bin/../lib/gcc/arm-none-eabi/6.2.1/../../../../arm-none-eabi/lib/thumb/v6-m\libc_nano.a(lib_a-lseekr.o)
                0x00004184                _lseek_r
 .text.__ascii_mbtowc
                0x000041ac       0x24 d:/7.0/toolchain/arm/arm-gnu-toolchain/bin/../lib/gcc/arm-none-eabi/6.2.1/../../../../arm-none-eabi/lib/thumb/v6-m\libc_nano.a(lib_a-mbtowc_r.o)
                0x000041ac                __ascii_mbtowc
 .text.__malloc_lock
                0x000041d0        0x2 d:/7.0/toolchain/arm/arm-gnu-toolchain/bin/../lib/gcc/arm-none-eabi/6.2.1/../../../../arm-none-eabi/lib/thumb/v6-m\libc_nano.a(lib_a-mlock.o)
                0x000041d0                __malloc_lock
 .text.__malloc_unlock
                0x000041d2        0x2 d:/7.0/toolchain/arm/arm-gnu-toolchain/bin/../lib/gcc/arm-none-eabi/6.2.1/../../../../arm-none-eabi/lib/thumb/v6-m\libc_nano.a(lib_a-mlock.o)
                0x000041d2                __malloc_unlock
 .text._read_r  0x000041d4       0x28 d:/7.0/toolchain/arm/arm-gnu-toolchain/bin/../lib/gcc/arm-none-eabi/6.2.1/../../../../arm-none-eabi/lib/thumb/v6-m\libc_nano.a(lib_a-readr.o)
                0x000041d4                _read_r
 .text.__ascii_wctomb
                0x000041fc       0x18 d:/7.0/toolchain/arm/arm-gnu-toolchain/bin/../lib/gcc/arm-none-eabi/6.2.1/../../../../arm-none-eabi/lib/thumb/v6-m\libc_nano.a(lib_a-wctomb_r.o)
                0x000041fc                __ascii_wctomb
 .text          0x00004214       0x14 d:/7.0/toolchain/arm/arm-gnu-toolchain/bin/../lib/gcc/arm-none-eabi/6.2.1/thumb/v6-m\libgcc.a(_thumb1_case_uqi.o)
                0x00004214                __gnu_thumb1_case_uqi
 .text          0x00004228      0x114 d:/7.0/toolchain/arm/arm-gnu-toolchain/bin/../lib/gcc/arm-none-eabi/6.2.1/thumb/v6-m\libgcc.a(_udivsi3.o)
                0x00004228                __aeabi_uidiv
                0x00004228                __udivsi3
                0x00004334                __aeabi_uidivmod
 .text          0x0000433c      0x1d4 d:/7.0/toolchain/arm/arm-gnu-toolchain/bin/../lib/gcc/arm-none-eabi/6.2.1/thumb/v6-m\libgcc.a(_divsi3.o)
                0x0000433c                __divsi3
                0x0000433c                __aeabi_idiv
                0x00004508                __aeabi_idivmod
 .text          0x00004510        0x4 d:/7.0/toolchain/arm/arm-gnu-toolchain/bin/../lib/gcc/arm-none-eabi/6.2.1/thumb/v6-m\libgcc.a(_dvmd_tls.o)
                0x00004510                __aeabi_idiv0
                0x00004510                __aeabi_ldiv0
 .text          0x00004514       0x7c d:/7.0/toolchain/arm/arm-gnu-toolchain/bin/../lib/gcc/arm-none-eabi/6.2.1/thumb/v6-m\libgcc.a(_arm_cmpdf2.o)
                0x00004514                __aeabi_cdrcmple
                0x00004524                __aeabi_cdcmple
                0x00004524                __aeabi_cdcmpeq
                0x00004534                __aeabi_dcmpeq
                0x00004540                __aeabi_dcmplt
                0x00004554                __aeabi_dcmple
                0x00004568                __aeabi_dcmpgt
                0x0000457c                __aeabi_dcmpge
 .text          0x00004590       0x54 d:/7.0/toolchain/arm/arm-gnu-toolchain/bin/../lib/gcc/arm-none-eabi/6.2.1/thumb/v6-m\libgcc.a(_muldi3.o)
                0x00004590                __muldi3
                0x00004590                __aeabi_lmul
 .text          0x000045e4      0x620 d:/7.0/toolchain/arm/arm-gnu-toolchain/bin/../lib/gcc/arm-none-eabi/6.2.1/thumb/v6-m\libgcc.a(adddf3.o)
                0x000045e4                __aeabi_dadd
 .text          0x00004c04      0x668 d:/7.0/toolchain/arm/arm-gnu-toolchain/bin/../lib/gcc/arm-none-eabi/6.2.1/thumb/v6-m\libgcc.a(divdf3.o)
                0x00004c04                __aeabi_ddiv
 .text          0x0000526c       0x74 d:/7.0/toolchain/arm/arm-gnu-toolchain/bin/../lib/gcc/arm-none-eabi/6.2.1/thumb/v6-m\libgcc.a(eqdf2.o)
                0x0000526c                __nedf2
                0x0000526c                __eqdf2
 .text          0x000052e0       0xc8 d:/7.0/toolchain/arm/arm-gnu-toolchain/bin/../lib/gcc/arm-none-eabi/6.2.1/thumb/v6-m\libgcc.a(gedf2.o)
                0x000052e0                __gedf2
                0x000052e0                __gtdf2
 .text          0x000053a8       0xc4 d:/7.0/toolchain/arm/arm-gnu-toolchain/bin/../lib/gcc/arm-none-eabi/6.2.1/thumb/v6-m\libgcc.a(ledf2.o)
                0x000053a8                __ledf2
                0x000053a8                __ltdf2
 .text          0x0000546c      0x500 d:/7.0/toolchain/arm/arm-gnu-toolchain/bin/../lib/gcc/arm-none-eabi/6.2.1/thumb/v6-m\libgcc.a(muldf3.o)
                0x0000546c                __aeabi_dmul
 .text          0x0000596c      0x62c d:/7.0/toolchain/arm/arm-gnu-toolchain/bin/../lib/gcc/arm-none-eabi/6.2.1/thumb/v6-m\libgcc.a(subdf3.o)
                0x0000596c                __aeabi_dsub
 .text          0x00005f98       0x40 d:/7.0/toolchain/arm/arm-gnu-toolchain/bin/../lib/gcc/arm-none-eabi/6.2.1/thumb/v6-m\libgcc.a(unorddf2.o)
                0x00005f98                __aeabi_dcmpun
 .text          0x00005fd8       0x68 d:/7.0/toolchain/arm/arm-gnu-toolchain/bin/../lib/gcc/arm-none-eabi/6.2.1/thumb/v6-m\libgcc.a(fixdfsi.o)
                0x00005fd8                __aeabi_d2iz
 .text          0x00006040       0x84 d:/7.0/toolchain/arm/arm-gnu-toolchain/bin/../lib/gcc/arm-none-eabi/6.2.1/thumb/v6-m\libgcc.a(floatsidf.o)
                0x00006040                __aeabi_i2d
 .text          0x000060c4       0x70 d:/7.0/toolchain/arm/arm-gnu-toolchain/bin/../lib/gcc/arm-none-eabi/6.2.1/thumb/v6-m\libgcc.a(floatunsidf.o)
                0x000060c4                __aeabi_ui2d
 .text          0x00006134       0x3c d:/7.0/toolchain/arm/arm-gnu-toolchain/bin/../lib/gcc/arm-none-eabi/6.2.1/thumb/v6-m\libgcc.a(_clzsi2.o)
                0x00006134                __clzsi2
 *(.glue_7t)
 .glue_7t       0x00006170        0x0 linker stubs
 *(.glue_7)
 .glue_7        0x00006170        0x0 linker stubs
 *(.rodata .rodata* .gnu.linkonce.r.*)
 .rodata        0x00006170       0x18 AIS3624DQ.o
 .rodata.str1.4
                0x00006188       0x3c main.o
                                 0x3a (size before relaxing)
 .rodata        0x000061c4       0x18 src/ASF/sam0/drivers/sercom/sercom.o
 .rodata.system_clock_source_get_hz
                0x000061dc       0x24 src/ASF/sam0/drivers/system/clock/clock_samd21_r21_da_ha1/clock.o
 .rodata._global_impure_ptr
                0x00006200        0x4 d:/7.0/toolchain/arm/arm-gnu-toolchain/bin/../lib/gcc/arm-none-eabi/6.2.1/../../../../arm-none-eabi/lib/thumb/v6-m\libc_nano.a(lib_a-impure.o)
                0x00006200                _global_impure_ptr
 .rodata._printf_float.str1.1
                0x00006204       0x12 d:/7.0/toolchain/arm/arm-gnu-toolchain/bin/../lib/gcc/arm-none-eabi/6.2.1/../../../../arm-none-eabi/lib/thumb/v6-m\libc_nano.a(lib_a-nano-vfprintf_float.o)
 .rodata._printf_i.str1.1
                0x00006216       0x22 d:/7.0/toolchain/arm/arm-gnu-toolchain/bin/../lib/gcc/arm-none-eabi/6.2.1/../../../../arm-none-eabi/lib/thumb/v6-m\libc_nano.a(lib_a-nano-vfprintf_i.o)
 .rodata._dtoa_r.str1.1
                0x00006238        0xd d:/7.0/toolchain/arm/arm-gnu-toolchain/bin/../lib/gcc/arm-none-eabi/6.2.1/../../../../arm-none-eabi/lib/thumb/v6-m\libc_nano.a(lib_a-dtoa.o)
                                  0xf (size before relaxing)
 *fill*         0x00006245        0x3 
 .rodata.__sf_fake_stderr
                0x00006248       0x20 d:/7.0/toolchain/arm/arm-gnu-toolchain/bin/../lib/gcc/arm-none-eabi/6.2.1/../../../../arm-none-eabi/lib/thumb/v6-m\libc_nano.a(lib_a-findfp.o)
                0x00006248                __sf_fake_stderr
 .rodata.__sf_fake_stdin
                0x00006268       0x20 d:/7.0/toolchain/arm/arm-gnu-toolchain/bin/../lib/gcc/arm-none-eabi/6.2.1/../../../../arm-none-eabi/lib/thumb/v6-m\libc_nano.a(lib_a-findfp.o)
                0x00006268                __sf_fake_stdin
 .rodata.__sf_fake_stdout
                0x00006288       0x20 d:/7.0/toolchain/arm/arm-gnu-toolchain/bin/../lib/gcc/arm-none-eabi/6.2.1/../../../../arm-none-eabi/lib/thumb/v6-m\libc_nano.a(lib_a-findfp.o)
                0x00006288                __sf_fake_stdout
 .rodata.__mprec_bigtens
                0x000062a8       0x28 d:/7.0/toolchain/arm/arm-gnu-toolchain/bin/../lib/gcc/arm-none-eabi/6.2.1/../../../../arm-none-eabi/lib/thumb/v6-m\libc_nano.a(lib_a-mprec.o)
                0x000062a8                __mprec_bigtens
 .rodata.__mprec_tens
                0x000062d0       0xc8 d:/7.0/toolchain/arm/arm-gnu-toolchain/bin/../lib/gcc/arm-none-eabi/6.2.1/../../../../arm-none-eabi/lib/thumb/v6-m\libc_nano.a(lib_a-mprec.o)
                0x000062d0                __mprec_tens
 .rodata.p05.6052
                0x00006398        0xc d:/7.0/toolchain/arm/arm-gnu-toolchain/bin/../lib/gcc/arm-none-eabi/6.2.1/../../../../arm-none-eabi/lib/thumb/v6-m\libc_nano.a(lib_a-mprec.o)
 .rodata._vfprintf_r.str1.1
                0x000063a4       0x11 d:/7.0/toolchain/arm/arm-gnu-toolchain/bin/../lib/gcc/arm-none-eabi/6.2.1/../../../../arm-none-eabi/lib/thumb/v6-m\libc_nano.a(lib_a-nano-vfprintf.o)
 .rodata._setlocale_r.str1.1
                0x000063b5        0x8 d:/7.0/toolchain/arm/arm-gnu-toolchain/bin/../lib/gcc/arm-none-eabi/6.2.1/../../../../arm-none-eabi/lib/thumb/v6-m\libc_nano.a(lib_a-locale.o)
                                  0x9 (size before relaxing)
 .rodata.str1.1
                0x000063bd        0x2 d:/7.0/toolchain/arm/arm-gnu-toolchain/bin/../lib/gcc/arm-none-eabi/6.2.1/../../../../arm-none-eabi/lib/thumb/v6-m\libc_nano.a(lib_a-locale.o)
 .rodata._ctype_
                0x000063bf      0x101 d:/7.0/toolchain/arm/arm-gnu-toolchain/bin/../lib/gcc/arm-none-eabi/6.2.1/../../../../arm-none-eabi/lib/thumb/v6-m\libc_nano.a(lib_a-ctype_.o)
                0x000063bf                _ctype_
 .rodata        0x000064c0       0x40 d:/7.0/toolchain/arm/arm-gnu-toolchain/bin/../lib/gcc/arm-none-eabi/6.2.1/thumb/v6-m\libgcc.a(divdf3.o)
 .rodata        0x00006500       0x40 d:/7.0/toolchain/arm/arm-gnu-toolchain/bin/../lib/gcc/arm-none-eabi/6.2.1/thumb/v6-m\libgcc.a(muldf3.o)
 *(.ARM.extab* .gnu.linkonce.armextab.*)
                0x00006540                . = ALIGN (0x4)
 *(.init)
 .init          0x00006540        0x4 d:/7.0/toolchain/arm/arm-gnu-toolchain/bin/../lib/gcc/arm-none-eabi/6.2.1/thumb/v6-m/crti.o
                0x00006540                _init
 .init          0x00006544        0x8 d:/7.0/toolchain/arm/arm-gnu-toolchain/bin/../lib/gcc/arm-none-eabi/6.2.1/thumb/v6-m/crtn.o
                0x0000654c                . = ALIGN (0x4)
                0x0000654c                __preinit_array_start = .
 *(.preinit_array)
                0x0000654c                __preinit_array_end = .
                0x0000654c                . = ALIGN (0x4)
                0x0000654c                __init_array_start = .
 *(SORT(.init_array.*))
 *(.init_array)
 .init_array    0x0000654c        0x4 d:/7.0/toolchain/arm/arm-gnu-toolchain/bin/../lib/gcc/arm-none-eabi/6.2.1/thumb/v6-m/crtbegin.o
 .init_array    0x00006550        0x4 main.o
                0x00006554                __init_array_end = .
                0x00006554                . = ALIGN (0x4)
 *crtbegin.o(.ctors)
 *(EXCLUDE_FILE(*crtend.o) .ctors)
 *(SORT(.ctors.*))
 *crtend.o(.ctors)
                0x00006554                . = ALIGN (0x4)
 *(.fini)
 .fini          0x00006554        0x4 d:/7.0/toolchain/arm/arm-gnu-toolchain/bin/../lib/gcc/arm-none-eabi/6.2.1/thumb/v6-m/crti.o
                0x00006554                _fini
 .fini          0x00006558        0x8 d:/7.0/toolchain/arm/arm-gnu-toolchain/bin/../lib/gcc/arm-none-eabi/6.2.1/thumb/v6-m/crtn.o
                0x00006560                . = ALIGN (0x4)
                0x00006560                __fini_array_start = .
 *(.fini_array)
 .fini_array    0x00006560        0x4 d:/7.0/toolchain/arm/arm-gnu-toolchain/bin/../lib/gcc/arm-none-eabi/6.2.1/thumb/v6-m/crtbegin.o
 *(SORT(.fini_array.*))
                0x00006564                __fini_array_end = .
 *crtbegin.o(.dtors)
 *(EXCLUDE_FILE(*crtend.o) .dtors)
 *(SORT(.dtors.*))
 *crtend.o(.dtors)
                0x00006564                . = ALIGN (0x4)
                0x00006564                _efixed = .
                [!provide]                PROVIDE (__exidx_start, .)

.vfp11_veneer   0x00006564        0x0
 .vfp11_veneer  0x00006564        0x0 linker stubs

.v4_bx          0x00006564        0x0
 .v4_bx         0x00006564        0x0 linker stubs

.iplt           0x00006564        0x0
 .iplt          0x00006564        0x0 d:/7.0/toolchain/arm/arm-gnu-toolchain/bin/../lib/gcc/arm-none-eabi/6.2.1/thumb/v6-m/crtbegin.o

.eh_frame       0x00006564        0x0
 .eh_frame      0x00006564        0x0 d:/7.0/toolchain/arm/arm-gnu-toolchain/bin/../lib/gcc/arm-none-eabi/6.2.1/thumb/v6-m/crtbegin.o

.rel.dyn        0x00006564        0x0
 .rel.iplt      0x00006564        0x0 d:/7.0/toolchain/arm/arm-gnu-toolchain/bin/../lib/gcc/arm-none-eabi/6.2.1/thumb/v6-m/crtbegin.o

.jcr            0x00006564        0x0
 .jcr           0x00006564        0x0 d:/7.0/toolchain/arm/arm-gnu-toolchain/bin/../lib/gcc/arm-none-eabi/6.2.1/thumb/v6-m/crtbegin.o

.igot.plt       0x00006564        0x0
 .igot.plt      0x00006564        0x0 d:/7.0/toolchain/arm/arm-gnu-toolchain/bin/../lib/gcc/arm-none-eabi/6.2.1/thumb/v6-m/crtbegin.o

.ARM.exidx
 *(.ARM.exidx* .gnu.linkonce.armexidx.*)
                [!provide]                PROVIDE (__exidx_end, .)
                0x00006564                . = ALIGN (0x4)
                0x00006564                _etext = .

.relocate       0x20000000      0x1e8 load address 0x00006564
                0x20000000                . = ALIGN (0x4)
                0x20000000                _srelocate = .
 *(.ramfunc .ramfunc.*)
 *(.data .data.*)
 .data          0x20000000        0x6 AIS3624DQ.o
 *fill*         0x20000006        0x2 
 .data.cycles_per_ms
                0x20000008        0x4 src/ASF/common2/services/delay/sam0/systick_counter.o
 .data.cycles_per_us
                0x2000000c        0x4 src/ASF/common2/services/delay/sam0/systick_counter.o
 .data.g_interrupt_enabled
                0x20000010        0x1 src/ASF/common/utils/interrupt/interrupt_sam_nvic.o
                0x20000010                g_interrupt_enabled
 *fill*         0x20000011        0x3 
 .data.SystemCoreClock
                0x20000014        0x4 src/ASF/sam0/utils/cmsis/samha1/source/system_samha1.o
                0x20000014                SystemCoreClock
 .data._impure_ptr
                0x20000018        0x4 d:/7.0/toolchain/arm/arm-gnu-toolchain/bin/../lib/gcc/arm-none-eabi/6.2.1/../../../../arm-none-eabi/lib/thumb/v6-m\libc_nano.a(lib_a-impure.o)
                0x20000018                _impure_ptr
 .data.impure_data
                0x2000001c       0x60 d:/7.0/toolchain/arm/arm-gnu-toolchain/bin/../lib/gcc/arm-none-eabi/6.2.1/../../../../arm-none-eabi/lib/thumb/v6-m\libc_nano.a(lib_a-impure.o)
 .data.__global_locale
                0x2000007c      0x16c d:/7.0/toolchain/arm/arm-gnu-toolchain/bin/../lib/gcc/arm-none-eabi/6.2.1/../../../../arm-none-eabi/lib/thumb/v6-m\libc_nano.a(lib_a-locale.o)
                0x2000007c                __global_locale
                0x200001e8                . = ALIGN (0x4)
                0x200001e8                _erelocate = .

.bss            0x200001e8       0xc4 load address 0x0000674c
                0x200001e8                . = ALIGN (0x4)
                0x200001e8                _sbss = .
                0x200001e8                _szero = .
 *(.bss .bss.*)
 .bss           0x200001e8       0x1c d:/7.0/toolchain/arm/arm-gnu-toolchain/bin/../lib/gcc/arm-none-eabi/6.2.1/thumb/v6-m/crtbegin.o
 .bss           0x20000204       0x48 AIS3624DQ.o
                0x20000204                config_i2c_master
                0x20000238                i2c_master_instance
 .bss           0x2000024c       0x20 main.o
                0x2000024c                usart_instance
                0x20000258                _AIS3624DQ
 .bss._sercom_config
                0x2000026c        0x2 src/ASF/sam0/drivers/sercom/sercom.o
 *fill*         0x2000026e        0x2 
 .bss.cpu_irq_critical_section_counter
                0x20000270        0x4 src/ASF/common/utils/interrupt/interrupt_sam_nvic.o
 .bss.cpu_irq_prev_interrupt_state
                0x20000274        0x1 src/ASF/common/utils/interrupt/interrupt_sam_nvic.o
 *fill*         0x20000275        0x3 
 .bss._system_clock_inst
                0x20000278       0x18 src/ASF/sam0/drivers/system/clock/clock_samd21_r21_da_ha1/clock.o
 .bss.heap.5276
                0x20000290        0x4 src/ASF/sam0/utils/syscalls/gcc/syscalls.o
 .bss.__malloc_free_list
                0x20000294        0x4 d:/7.0/toolchain/arm/arm-gnu-toolchain/bin/../lib/gcc/arm-none-eabi/6.2.1/../../../../arm-none-eabi/lib/thumb/v6-m\libc_nano.a(lib_a-nano-mallocr.o)
                0x20000294                __malloc_free_list
 .bss.__malloc_sbrk_start
                0x20000298        0x4 d:/7.0/toolchain/arm/arm-gnu-toolchain/bin/../lib/gcc/arm-none-eabi/6.2.1/../../../../arm-none-eabi/lib/thumb/v6-m\libc_nano.a(lib_a-nano-mallocr.o)
                0x20000298                __malloc_sbrk_start
 *(COMMON)
 COMMON         0x2000029c        0x4 src/ASF/sam0/utils/stdio/read.o
                0x2000029c                ptr_get
 COMMON         0x200002a0        0x8 src/ASF/sam0/utils/stdio/write.o
                0x200002a0                ptr_put
                0x200002a4                stdio_base
 COMMON         0x200002a8        0x4 d:/7.0/toolchain/arm/arm-gnu-toolchain/bin/../lib/gcc/arm-none-eabi/6.2.1/../../../../arm-none-eabi/lib/thumb/v6-m\libc_nano.a(lib_a-reent.o)
                0x200002a8                errno
                0x200002ac                . = ALIGN (0x4)
                0x200002ac                _ebss = .
                0x200002ac                _ezero = .

.stack          0x200002ac      0x804 load address 0x00006810
                0x200002b0                . = ALIGN (0x8)
 *fill*         0x200002ac        0x4 
                0x200002b0                _sstack = .
                0x20000ab0                . = (. + STACK_SIZE)
 *fill*         0x200002b0      0x800 
                0x20000ab0                . = ALIGN (0x8)
                0x20000ab0                _estack = .
                0x20000ab0                . = ALIGN (0x4)
                0x20000ab0                _end = .
OUTPUT(Accelerometer_AIS3624DQ.elf elf32-littlearm)

.ARM.attributes
                0x00000000       0x28
 .ARM.attributes
                0x00000000       0x1e d:/7.0/toolchain/arm/arm-gnu-toolchain/bin/../lib/gcc/arm-none-eabi/6.2.1/thumb/v6-m/crti.o
 .ARM.attributes
                0x0000001e       0x2c d:/7.0/toolchain/arm/arm-gnu-toolchain/bin/../lib/gcc/arm-none-eabi/6.2.1/thumb/v6-m/crtbegin.o
 .ARM.attributes
                0x0000004a       0x32 AIS3624DQ.o
 .ARM.attributes
                0x0000007c       0x32 main.o
 .ARM.attributes
                0x000000ae       0x32 src/ASF/sam0/drivers/sercom/i2c/i2c_sam0/i2c_master.o
 .ARM.attributes
                0x000000e0       0x32 src/ASF/sam0/utils/stdio/read.o
 .ARM.attributes
                0x00000112       0x32 src/ASF/sam0/utils/stdio/write.o
 .ARM.attributes
                0x00000144       0x32 src/ASF/sam0/drivers/sercom/usart/usart.o
 .ARM.attributes
                0x00000176       0x32 src/ASF/sam0/drivers/sercom/sercom.o
 .ARM.attributes
                0x000001a8       0x32 src/ASF/common2/services/delay/sam0/systick_counter.o
 .ARM.attributes
                0x000001da       0x32 src/ASF/common/utils/interrupt/interrupt_sam_nvic.o
 .ARM.attributes
                0x0000020c       0x32 src/ASF/sam0/boards/samha1g16a_xplained_pro/board_init.o
 .ARM.attributes
                0x0000023e       0x32 src/ASF/sam0/drivers/port/port.o
 .ARM.attributes
                0x00000270       0x32 src/ASF/sam0/drivers/system/clock/clock_samd21_r21_da_ha1/clock.o
 .ARM.attributes
                0x000002a2       0x32 src/ASF/sam0/drivers/system/clock/clock_samd21_r21_da_ha1/gclk.o
 .ARM.attributes
                0x000002d4       0x32 src/ASF/sam0/drivers/system/pinmux/pinmux.o
 .ARM.attributes
                0x00000306       0x32 src/ASF/sam0/utils/cmsis/samha1/source/gcc/startup_samha1.o
 .ARM.attributes
                0x00000338       0x32 src/ASF/sam0/utils/cmsis/samha1/source/system_samha1.o
 .ARM.attributes
                0x0000036a       0x32 src/ASF/sam0/utils/syscalls/gcc/syscalls.o
 .ARM.attributes
                0x0000039c       0x2c d:/7.0/toolchain/arm/arm-gnu-toolchain/bin/../lib/gcc/arm-none-eabi/6.2.1/../../../../arm-none-eabi/lib/thumb/v6-m\libc_nano.a(lib_a-impure.o)
 .ARM.attributes
                0x000003c8       0x2c d:/7.0/toolchain/arm/arm-gnu-toolchain/bin/../lib/gcc/arm-none-eabi/6.2.1/../../../../arm-none-eabi/lib/thumb/v6-m\libc_nano.a(lib_a-init.o)
 .ARM.attributes
                0x000003f4       0x2c d:/7.0/toolchain/arm/arm-gnu-toolchain/bin/../lib/gcc/arm-none-eabi/6.2.1/../../../../arm-none-eabi/lib/thumb/v6-m\libc_nano.a(lib_a-memset.o)
 .ARM.attributes
                0x00000420       0x2c d:/7.0/toolchain/arm/arm-gnu-toolchain/bin/../lib/gcc/arm-none-eabi/6.2.1/../../../../arm-none-eabi/lib/thumb/v6-m\libc_nano.a(lib_a-nano-vfprintf_float.o)
 .ARM.attributes
                0x0000044c       0x2c d:/7.0/toolchain/arm/arm-gnu-toolchain/bin/../lib/gcc/arm-none-eabi/6.2.1/../../../../arm-none-eabi/lib/thumb/v6-m\libc_nano.a(lib_a-nano-vfprintf_i.o)
 .ARM.attributes
                0x00000478       0x2c d:/7.0/toolchain/arm/arm-gnu-toolchain/bin/../lib/gcc/arm-none-eabi/6.2.1/../../../../arm-none-eabi/lib/thumb/v6-m\libc_nano.a(lib_a-printf.o)
 .ARM.attributes
                0x000004a4       0x2c d:/7.0/toolchain/arm/arm-gnu-toolchain/bin/../lib/gcc/arm-none-eabi/6.2.1/../../../../arm-none-eabi/lib/thumb/v6-m\libc_nano.a(lib_a-puts.o)
 .ARM.attributes
                0x000004d0       0x2c d:/7.0/toolchain/arm/arm-gnu-toolchain/bin/../lib/gcc/arm-none-eabi/6.2.1/../../../../arm-none-eabi/lib/thumb/v6-m\libc_nano.a(lib_a-setbuf.o)
 .ARM.attributes
                0x000004fc       0x2c d:/7.0/toolchain/arm/arm-gnu-toolchain/bin/../lib/gcc/arm-none-eabi/6.2.1/../../../../arm-none-eabi/lib/thumb/v6-m\libc_nano.a(lib_a-setvbuf.o)
 .ARM.attributes
                0x00000528       0x1c d:/7.0/toolchain/arm/arm-gnu-toolchain/bin/../lib/gcc/arm-none-eabi/6.2.1/../../../../arm-none-eabi/lib/thumb/v6-m\libc_nano.a(lib_a-strlen.o)
 .ARM.attributes
                0x00000544       0x2c d:/7.0/toolchain/arm/arm-gnu-toolchain/bin/../lib/gcc/arm-none-eabi/6.2.1/../../../../arm-none-eabi/lib/thumb/v6-m\libc_nano.a(lib_a-wbuf.o)
 .ARM.attributes
                0x00000570       0x2c d:/7.0/toolchain/arm/arm-gnu-toolchain/bin/../lib/gcc/arm-none-eabi/6.2.1/../../../../arm-none-eabi/lib/thumb/v6-m\libc_nano.a(lib_a-wsetup.o)
 .ARM.attributes
                0x0000059c       0x2c d:/7.0/toolchain/arm/arm-gnu-toolchain/bin/../lib/gcc/arm-none-eabi/6.2.1/../../../../arm-none-eabi/lib/thumb/v6-m\libc_nano.a(lib_a-dtoa.o)
 .ARM.attributes
                0x000005c8       0x2c d:/7.0/toolchain/arm/arm-gnu-toolchain/bin/../lib/gcc/arm-none-eabi/6.2.1/../../../../arm-none-eabi/lib/thumb/v6-m\libc_nano.a(lib_a-fflush.o)
 .ARM.attributes
                0x000005f4       0x2c d:/7.0/toolchain/arm/arm-gnu-toolchain/bin/../lib/gcc/arm-none-eabi/6.2.1/../../../../arm-none-eabi/lib/thumb/v6-m\libc_nano.a(lib_a-findfp.o)
 .ARM.attributes
                0x00000620       0x2c d:/7.0/toolchain/arm/arm-gnu-toolchain/bin/../lib/gcc/arm-none-eabi/6.2.1/../../../../arm-none-eabi/lib/thumb/v6-m\libc_nano.a(lib_a-fwalk.o)
 .ARM.attributes
                0x0000064c       0x2c d:/7.0/toolchain/arm/arm-gnu-toolchain/bin/../lib/gcc/arm-none-eabi/6.2.1/../../../../arm-none-eabi/lib/thumb/v6-m\libc_nano.a(lib_a-localeconv.o)
 .ARM.attributes
                0x00000678       0x2c d:/7.0/toolchain/arm/arm-gnu-toolchain/bin/../lib/gcc/arm-none-eabi/6.2.1/../../../../arm-none-eabi/lib/thumb/v6-m\libc_nano.a(lib_a-makebuf.o)
 .ARM.attributes
                0x000006a4       0x2c d:/7.0/toolchain/arm/arm-gnu-toolchain/bin/../lib/gcc/arm-none-eabi/6.2.1/../../../../arm-none-eabi/lib/thumb/v6-m\libc_nano.a(lib_a-malloc.o)
 .ARM.attributes
                0x000006d0       0x2c d:/7.0/toolchain/arm/arm-gnu-toolchain/bin/../lib/gcc/arm-none-eabi/6.2.1/../../../../arm-none-eabi/lib/thumb/v6-m\libc_nano.a(lib_a-memchr-stub.o)
 .ARM.attributes
                0x000006fc       0x2c d:/7.0/toolchain/arm/arm-gnu-toolchain/bin/../lib/gcc/arm-none-eabi/6.2.1/../../../../arm-none-eabi/lib/thumb/v6-m\libc_nano.a(lib_a-memcpy-stub.o)
 .ARM.attributes
                0x00000728       0x2c d:/7.0/toolchain/arm/arm-gnu-toolchain/bin/../lib/gcc/arm-none-eabi/6.2.1/../../../../arm-none-eabi/lib/thumb/v6-m\libc_nano.a(lib_a-mprec.o)
 .ARM.attributes
                0x00000754       0x2c d:/7.0/toolchain/arm/arm-gnu-toolchain/bin/../lib/gcc/arm-none-eabi/6.2.1/../../../../arm-none-eabi/lib/thumb/v6-m\libc_nano.a(lib_a-nano-callocr.o)
 .ARM.attributes
                0x00000780       0x2c d:/7.0/toolchain/arm/arm-gnu-toolchain/bin/../lib/gcc/arm-none-eabi/6.2.1/../../../../arm-none-eabi/lib/thumb/v6-m\libc_nano.a(lib_a-nano-freer.o)
 .ARM.attributes
                0x000007ac       0x2c d:/7.0/toolchain/arm/arm-gnu-toolchain/bin/../lib/gcc/arm-none-eabi/6.2.1/../../../../arm-none-eabi/lib/thumb/v6-m\libc_nano.a(lib_a-nano-mallocr.o)
 .ARM.attributes
                0x000007d8       0x2c d:/7.0/toolchain/arm/arm-gnu-toolchain/bin/../lib/gcc/arm-none-eabi/6.2.1/../../../../arm-none-eabi/lib/thumb/v6-m\libc_nano.a(lib_a-nano-vfprintf.o)
 .ARM.attributes
                0x00000804       0x2c d:/7.0/toolchain/arm/arm-gnu-toolchain/bin/../lib/gcc/arm-none-eabi/6.2.1/../../../../arm-none-eabi/lib/thumb/v6-m\libc_nano.a(lib_a-sbrkr.o)
 .ARM.attributes
                0x00000830       0x2c d:/7.0/toolchain/arm/arm-gnu-toolchain/bin/../lib/gcc/arm-none-eabi/6.2.1/../../../../arm-none-eabi/lib/thumb/v6-m\libc_nano.a(lib_a-stdio.o)
 .ARM.attributes
                0x0000085c       0x2c d:/7.0/toolchain/arm/arm-gnu-toolchain/bin/../lib/gcc/arm-none-eabi/6.2.1/../../../../arm-none-eabi/lib/thumb/v6-m\libc_nano.a(lib_a-writer.o)
 .ARM.attributes
                0x00000888       0x2c d:/7.0/toolchain/arm/arm-gnu-toolchain/bin/../lib/gcc/arm-none-eabi/6.2.1/../../../../arm-none-eabi/lib/thumb/v6-m\libc_nano.a(lib_a-closer.o)
 .ARM.attributes
                0x000008b4       0x2c d:/7.0/toolchain/arm/arm-gnu-toolchain/bin/../lib/gcc/arm-none-eabi/6.2.1/../../../../arm-none-eabi/lib/thumb/v6-m\libc_nano.a(lib_a-fstatr.o)
 .ARM.attributes
                0x000008e0       0x2c d:/7.0/toolchain/arm/arm-gnu-toolchain/bin/../lib/gcc/arm-none-eabi/6.2.1/../../../../arm-none-eabi/lib/thumb/v6-m\libc_nano.a(lib_a-isattyr.o)
 .ARM.attributes
                0x0000090c       0x2c d:/7.0/toolchain/arm/arm-gnu-toolchain/bin/../lib/gcc/arm-none-eabi/6.2.1/../../../../arm-none-eabi/lib/thumb/v6-m\libc_nano.a(lib_a-locale.o)
 .ARM.attributes
                0x00000938       0x2c d:/7.0/toolchain/arm/arm-gnu-toolchain/bin/../lib/gcc/arm-none-eabi/6.2.1/../../../../arm-none-eabi/lib/thumb/v6-m\libc_nano.a(lib_a-lseekr.o)
 .ARM.attributes
                0x00000964       0x2c d:/7.0/toolchain/arm/arm-gnu-toolchain/bin/../lib/gcc/arm-none-eabi/6.2.1/../../../../arm-none-eabi/lib/thumb/v6-m\libc_nano.a(lib_a-mbtowc_r.o)
 .ARM.attributes
                0x00000990       0x2c d:/7.0/toolchain/arm/arm-gnu-toolchain/bin/../lib/gcc/arm-none-eabi/6.2.1/../../../../arm-none-eabi/lib/thumb/v6-m\libc_nano.a(lib_a-mlock.o)
 .ARM.attributes
                0x000009bc       0x2c d:/7.0/toolchain/arm/arm-gnu-toolchain/bin/../lib/gcc/arm-none-eabi/6.2.1/../../../../arm-none-eabi/lib/thumb/v6-m\libc_nano.a(lib_a-readr.o)
 .ARM.attributes
                0x000009e8       0x2c d:/7.0/toolchain/arm/arm-gnu-toolchain/bin/../lib/gcc/arm-none-eabi/6.2.1/../../../../arm-none-eabi/lib/thumb/v6-m\libc_nano.a(lib_a-reent.o)
 .ARM.attributes
                0x00000a14       0x2c d:/7.0/toolchain/arm/arm-gnu-toolchain/bin/../lib/gcc/arm-none-eabi/6.2.1/../../../../arm-none-eabi/lib/thumb/v6-m\libc_nano.a(lib_a-wctomb_r.o)
 .ARM.attributes
                0x00000a40       0x2c d:/7.0/toolchain/arm/arm-gnu-toolchain/bin/../lib/gcc/arm-none-eabi/6.2.1/../../../../arm-none-eabi/lib/thumb/v6-m\libc_nano.a(lib_a-ctype_.o)
 .ARM.attributes
                0x00000a6c       0x1e d:/7.0/toolchain/arm/arm-gnu-toolchain/bin/../lib/gcc/arm-none-eabi/6.2.1/thumb/v6-m\libgcc.a(_thumb1_case_uqi.o)
 .ARM.attributes
                0x00000a8a       0x1e d:/7.0/toolchain/arm/arm-gnu-toolchain/bin/../lib/gcc/arm-none-eabi/6.2.1/thumb/v6-m\libgcc.a(_udivsi3.o)
 .ARM.attributes
                0x00000aa8       0x1e d:/7.0/toolchain/arm/arm-gnu-toolchain/bin/../lib/gcc/arm-none-eabi/6.2.1/thumb/v6-m\libgcc.a(_divsi3.o)
 .ARM.attributes
                0x00000ac6       0x1e d:/7.0/toolchain/arm/arm-gnu-toolchain/bin/../lib/gcc/arm-none-eabi/6.2.1/thumb/v6-m\libgcc.a(_dvmd_tls.o)
 .ARM.attributes
                0x00000ae4       0x1e d:/7.0/toolchain/arm/arm-gnu-toolchain/bin/../lib/gcc/arm-none-eabi/6.2.1/thumb/v6-m\libgcc.a(_arm_cmpdf2.o)
 .ARM.attributes
                0x00000b02       0x2c d:/7.0/toolchain/arm/arm-gnu-toolchain/bin/../lib/gcc/arm-none-eabi/6.2.1/thumb/v6-m\libgcc.a(_muldi3.o)
 .ARM.attributes
                0x00000b2e       0x2c d:/7.0/toolchain/arm/arm-gnu-toolchain/bin/../lib/gcc/arm-none-eabi/6.2.1/thumb/v6-m\libgcc.a(adddf3.o)
 .ARM.attributes
                0x00000b5a       0x2c d:/7.0/toolchain/arm/arm-gnu-toolchain/bin/../lib/gcc/arm-none-eabi/6.2.1/thumb/v6-m\libgcc.a(divdf3.o)
 .ARM.attributes
                0x00000b86       0x2c d:/7.0/toolchain/arm/arm-gnu-toolchain/bin/../lib/gcc/arm-none-eabi/6.2.1/thumb/v6-m\libgcc.a(eqdf2.o)
 .ARM.attributes
                0x00000bb2       0x2c d:/7.0/toolchain/arm/arm-gnu-toolchain/bin/../lib/gcc/arm-none-eabi/6.2.1/thumb/v6-m\libgcc.a(gedf2.o)
 .ARM.attributes
                0x00000bde       0x2c d:/7.0/toolchain/arm/arm-gnu-toolchain/bin/../lib/gcc/arm-none-eabi/6.2.1/thumb/v6-m\libgcc.a(ledf2.o)
 .ARM.attributes
                0x00000c0a       0x2c d:/7.0/toolchain/arm/arm-gnu-toolchain/bin/../lib/gcc/arm-none-eabi/6.2.1/thumb/v6-m\libgcc.a(muldf3.o)
 .ARM.attributes
                0x00000c36       0x2c d:/7.0/toolchain/arm/arm-gnu-toolchain/bin/../lib/gcc/arm-none-eabi/6.2.1/thumb/v6-m\libgcc.a(subdf3.o)
 .ARM.attributes
                0x00000c62       0x2c d:/7.0/toolchain/arm/arm-gnu-toolchain/bin/../lib/gcc/arm-none-eabi/6.2.1/thumb/v6-m\libgcc.a(unorddf2.o)
 .ARM.attributes
                0x00000c8e       0x2c d:/7.0/toolchain/arm/arm-gnu-toolchain/bin/../lib/gcc/arm-none-eabi/6.2.1/thumb/v6-m\libgcc.a(fixdfsi.o)
 .ARM.attributes
                0x00000cba       0x2c d:/7.0/toolchain/arm/arm-gnu-toolchain/bin/../lib/gcc/arm-none-eabi/6.2.1/thumb/v6-m\libgcc.a(floatsidf.o)
 .ARM.attributes
                0x00000ce6       0x2c d:/7.0/toolchain/arm/arm-gnu-toolchain/bin/../lib/gcc/arm-none-eabi/6.2.1/thumb/v6-m\libgcc.a(floatunsidf.o)
 .ARM.attributes
                0x00000d12       0x1e d:/7.0/toolchain/arm/arm-gnu-toolchain/bin/../lib/gcc/arm-none-eabi/6.2.1/thumb/v6-m\libgcc.a(_clzsi2.o)
 .ARM.attributes
                0x00000d30       0x1e d:/7.0/toolchain/arm/arm-gnu-toolchain/bin/../lib/gcc/arm-none-eabi/6.2.1/thumb/v6-m/crtn.o

.comment        0x00000000       0x59
 .comment       0x00000000       0x59 AIS3624DQ.o
                                 0x5a (size before relaxing)
 .comment       0x00000059       0x5a main.o
 .comment       0x00000059       0x5a src/ASF/sam0/drivers/sercom/i2c/i2c_sam0/i2c_master.o
 .comment       0x00000059       0x5a src/ASF/sam0/utils/stdio/read.o
 .comment       0x00000059       0x5a src/ASF/sam0/utils/stdio/write.o
 .comment       0x00000059       0x5a src/ASF/sam0/drivers/sercom/usart/usart.o
 .comment       0x00000059       0x5a src/ASF/sam0/drivers/sercom/sercom.o
 .comment       0x00000059       0x5a src/ASF/common2/services/delay/sam0/systick_counter.o
 .comment       0x00000059       0x5a src/ASF/common/utils/interrupt/interrupt_sam_nvic.o
 .comment       0x00000059       0x5a src/ASF/sam0/boards/samha1g16a_xplained_pro/board_init.o
 .comment       0x00000059       0x5a src/ASF/sam0/drivers/port/port.o
 .comment       0x00000059       0x5a src/ASF/sam0/drivers/system/clock/clock_samd21_r21_da_ha1/clock.o
 .comment       0x00000059       0x5a src/ASF/sam0/drivers/system/clock/clock_samd21_r21_da_ha1/gclk.o
 .comment       0x00000059       0x5a src/ASF/sam0/drivers/system/pinmux/pinmux.o
 .comment       0x00000059       0x5a src/ASF/sam0/utils/cmsis/samha1/source/gcc/startup_samha1.o
 .comment       0x00000059       0x5a src/ASF/sam0/utils/cmsis/samha1/source/system_samha1.o
 .comment       0x00000059       0x5a src/ASF/sam0/utils/syscalls/gcc/syscalls.o

.debug_info     0x00000000    0x225e0
 .debug_info    0x00000000     0x405d AIS3624DQ.o
 .debug_info    0x0000405d     0x3e81 main.o
 .debug_info    0x00007ede     0x4b74 src/ASF/sam0/drivers/sercom/i2c/i2c_sam0/i2c_master.o
 .debug_info    0x0000ca52      0xac3 src/ASF/sam0/utils/stdio/read.o
 .debug_info    0x0000d515      0xac0 src/ASF/sam0/utils/stdio/write.o
 .debug_info    0x0000dfd5     0x48f2 src/ASF/sam0/drivers/sercom/usart/usart.o
 .debug_info    0x000128c7     0x2dc5 src/ASF/sam0/drivers/sercom/sercom.o
 .debug_info    0x0001568c      0xb81 src/ASF/common2/services/delay/sam0/systick_counter.o
 .debug_info    0x0001620d      0xafb src/ASF/common/utils/interrupt/interrupt_sam_nvic.o
 .debug_info    0x00016d08     0x12a2 src/ASF/sam0/boards/samha1g16a_xplained_pro/board_init.o
 .debug_info    0x00017faa     0x12aa src/ASF/sam0/drivers/port/port.o
 .debug_info    0x00019254     0x376c src/ASF/sam0/drivers/system/clock/clock_samd21_r21_da_ha1/clock.o
 .debug_info    0x0001c9c0     0x1e87 src/ASF/sam0/drivers/system/clock/clock_samd21_r21_da_ha1/gclk.o
 .debug_info    0x0001e847     0x1368 src/ASF/sam0/drivers/system/pinmux/pinmux.o
 .debug_info    0x0001fbaf     0x1bd0 src/ASF/sam0/utils/cmsis/samha1/source/gcc/startup_samha1.o
 .debug_info    0x0002177f       0xd5 src/ASF/sam0/utils/cmsis/samha1/source/system_samha1.o
 .debug_info    0x00021854      0xd8c src/ASF/sam0/utils/syscalls/gcc/syscalls.o

.debug_abbrev   0x00000000     0x36cf
 .debug_abbrev  0x00000000      0x5fd AIS3624DQ.o
 .debug_abbrev  0x000005fd      0x5b4 main.o
 .debug_abbrev  0x00000bb1      0x4e3 src/ASF/sam0/drivers/sercom/i2c/i2c_sam0/i2c_master.o
 .debug_abbrev  0x00001094      0x218 src/ASF/sam0/utils/stdio/read.o
 .debug_abbrev  0x000012ac      0x203 src/ASF/sam0/utils/stdio/write.o
 .debug_abbrev  0x000014af      0x46c src/ASF/sam0/drivers/sercom/usart/usart.o
 .debug_abbrev  0x0000191b      0x378 src/ASF/sam0/drivers/sercom/sercom.o
 .debug_abbrev  0x00001c93      0x24b src/ASF/common2/services/delay/sam0/systick_counter.o
 .debug_abbrev  0x00001ede      0x22c src/ASF/common/utils/interrupt/interrupt_sam_nvic.o
 .debug_abbrev  0x0000210a      0x2dc src/ASF/sam0/boards/samha1g16a_xplained_pro/board_init.o
 .debug_abbrev  0x000023e6      0x298 src/ASF/sam0/drivers/port/port.o
 .debug_abbrev  0x0000267e      0x465 src/ASF/sam0/drivers/system/clock/clock_samd21_r21_da_ha1/clock.o
 .debug_abbrev  0x00002ae3      0x3f1 src/ASF/sam0/drivers/system/clock/clock_samd21_r21_da_ha1/gclk.o
 .debug_abbrev  0x00002ed4      0x332 src/ASF/sam0/drivers/system/pinmux/pinmux.o
 .debug_abbrev  0x00003206      0x200 src/ASF/sam0/utils/cmsis/samha1/source/gcc/startup_samha1.o
 .debug_abbrev  0x00003406       0x72 src/ASF/sam0/utils/cmsis/samha1/source/system_samha1.o
 .debug_abbrev  0x00003478      0x257 src/ASF/sam0/utils/syscalls/gcc/syscalls.o

.debug_loc      0x00000000     0x4d07
 .debug_loc     0x00000000      0x73b AIS3624DQ.o
 .debug_loc     0x0000073b      0x29f main.o
 .debug_loc     0x000009da      0xed9 src/ASF/sam0/drivers/sercom/i2c/i2c_sam0/i2c_master.o
 .debug_loc     0x000018b3       0xca src/ASF/sam0/utils/stdio/read.o
 .debug_loc     0x0000197d      0x130 src/ASF/sam0/utils/stdio/write.o
 .debug_loc     0x00001aad      0xdd9 src/ASF/sam0/drivers/sercom/usart/usart.o
 .debug_loc     0x00002886      0x9a3 src/ASF/sam0/drivers/sercom/sercom.o
 .debug_loc     0x00003229       0xe4 src/ASF/common2/services/delay/sam0/systick_counter.o
 .debug_loc     0x0000330d       0x74 src/ASF/sam0/boards/samha1g16a_xplained_pro/board_init.o
 .debug_loc     0x00003381      0x13d src/ASF/sam0/drivers/port/port.o
 .debug_loc     0x000034be      0xef4 src/ASF/sam0/drivers/system/clock/clock_samd21_r21_da_ha1/clock.o
 .debug_loc     0x000043b2      0x504 src/ASF/sam0/drivers/system/clock/clock_samd21_r21_da_ha1/gclk.o
 .debug_loc     0x000048b6      0x322 src/ASF/sam0/drivers/system/pinmux/pinmux.o
 .debug_loc     0x00004bd8       0x40 src/ASF/sam0/utils/cmsis/samha1/source/gcc/startup_samha1.o
 .debug_loc     0x00004c18       0xef src/ASF/sam0/utils/syscalls/gcc/syscalls.o

.debug_aranges  0x00000000      0x4c0
 .debug_aranges
                0x00000000       0x90 AIS3624DQ.o
 .debug_aranges
                0x00000090       0x48 main.o
 .debug_aranges
                0x000000d8       0xa0 src/ASF/sam0/drivers/sercom/i2c/i2c_sam0/i2c_master.o
 .debug_aranges
                0x00000178       0x20 src/ASF/sam0/utils/stdio/read.o
 .debug_aranges
                0x00000198       0x20 src/ASF/sam0/utils/stdio/write.o
 .debug_aranges
                0x000001b8       0x40 src/ASF/sam0/drivers/sercom/usart/usart.o
 .debug_aranges
                0x000001f8       0x48 src/ASF/sam0/drivers/sercom/sercom.o
 .debug_aranges
                0x00000240       0x30 src/ASF/common2/services/delay/sam0/systick_counter.o
 .debug_aranges
                0x00000270       0x28 src/ASF/common/utils/interrupt/interrupt_sam_nvic.o
 .debug_aranges
                0x00000298       0x20 src/ASF/sam0/boards/samha1g16a_xplained_pro/board_init.o
 .debug_aranges
                0x000002b8       0x28 src/ASF/sam0/drivers/port/port.o
 .debug_aranges
                0x000002e0       0x78 src/ASF/sam0/drivers/system/clock/clock_samd21_r21_da_ha1/clock.o
 .debug_aranges
                0x00000358       0x80 src/ASF/sam0/drivers/system/clock/clock_samd21_r21_da_ha1/gclk.o
 .debug_aranges
                0x000003d8       0x38 src/ASF/sam0/drivers/system/pinmux/pinmux.o
 .debug_aranges
                0x00000410       0x28 src/ASF/sam0/utils/cmsis/samha1/source/gcc/startup_samha1.o
 .debug_aranges
                0x00000438       0x28 src/ASF/sam0/utils/cmsis/samha1/source/system_samha1.o
 .debug_aranges
                0x00000460       0x60 src/ASF/sam0/utils/syscalls/gcc/syscalls.o

.debug_ranges   0x00000000      0x540
 .debug_ranges  0x00000000       0x80 AIS3624DQ.o
 .debug_ranges  0x00000080       0x38 main.o
 .debug_ranges  0x000000b8       0xa8 src/ASF/sam0/drivers/sercom/i2c/i2c_sam0/i2c_master.o
 .debug_ranges  0x00000160       0x10 src/ASF/sam0/utils/stdio/read.o
 .debug_ranges  0x00000170       0x10 src/ASF/sam0/utils/stdio/write.o
 .debug_ranges  0x00000180      0x148 src/ASF/sam0/drivers/sercom/usart/usart.o
 .debug_ranges  0x000002c8       0x50 src/ASF/sam0/drivers/sercom/sercom.o
 .debug_ranges  0x00000318       0x50 src/ASF/common2/services/delay/sam0/systick_counter.o
 .debug_ranges  0x00000368       0x18 src/ASF/common/utils/interrupt/interrupt_sam_nvic.o
 .debug_ranges  0x00000380       0x10 src/ASF/sam0/boards/samha1g16a_xplained_pro/board_init.o
 .debug_ranges  0x00000390       0x18 src/ASF/sam0/drivers/port/port.o
 .debug_ranges  0x000003a8       0x68 src/ASF/sam0/drivers/system/clock/clock_samd21_r21_da_ha1/clock.o
 .debug_ranges  0x00000410       0x88 src/ASF/sam0/drivers/system/clock/clock_samd21_r21_da_ha1/gclk.o
 .debug_ranges  0x00000498       0x28 src/ASF/sam0/drivers/system/pinmux/pinmux.o
 .debug_ranges  0x000004c0       0x18 src/ASF/sam0/utils/cmsis/samha1/source/gcc/startup_samha1.o
 .debug_ranges  0x000004d8       0x18 src/ASF/sam0/utils/cmsis/samha1/source/system_samha1.o
 .debug_ranges  0x000004f0       0x50 src/ASF/sam0/utils/syscalls/gcc/syscalls.o

.debug_macro    0x00000000    0x193e0
 .debug_macro   0x00000000      0x60d AIS3624DQ.o
 .debug_macro   0x0000060d      0x994 AIS3624DQ.o
 .debug_macro   0x00000fa1       0x1c AIS3624DQ.o
 .debug_macro   0x00000fbd       0x22 AIS3624DQ.o
 .debug_macro   0x00000fdf       0x4f AIS3624DQ.o
 .debug_macro   0x0000102e       0x51 AIS3624DQ.o
 .debug_macro   0x0000107f       0xef AIS3624DQ.o
 .debug_macro   0x0000116e       0x6a AIS3624DQ.o
 .debug_macro   0x000011d8      0x1df AIS3624DQ.o
 .debug_macro   0x000013b7       0x99 AIS3624DQ.o
 .debug_macro   0x00001450      0x17b AIS3624DQ.o
 .debug_macro   0x000015cb      0x64b AIS3624DQ.o
 .debug_macro   0x00001c16       0x16 AIS3624DQ.o
 .debug_macro   0x00001c2c       0x76 AIS3624DQ.o
 .debug_macro   0x00001ca2       0x16 AIS3624DQ.o
 .debug_macro   0x00001cb8      0x6e5 AIS3624DQ.o
 .debug_macro   0x0000239d      0xde2 AIS3624DQ.o
 .debug_macro   0x0000317f       0x16 AIS3624DQ.o
 .debug_macro   0x00003195       0x46 AIS3624DQ.o
 .debug_macro   0x000031db       0x3a AIS3624DQ.o
 .debug_macro   0x00003215       0x1f AIS3624DQ.o
 .debug_macro   0x00003234      0x250 AIS3624DQ.o
 .debug_macro   0x00003484      0x67d AIS3624DQ.o
 .debug_macro   0x00003b01      0x8b0 AIS3624DQ.o
 .debug_macro   0x000043b1      0x22e AIS3624DQ.o
 .debug_macro   0x000045df      0xd5c AIS3624DQ.o
 .debug_macro   0x0000533b      0x4c6 AIS3624DQ.o
 .debug_macro   0x00005801      0x9f6 AIS3624DQ.o
 .debug_macro   0x000061f7      0x82a AIS3624DQ.o
 .debug_macro   0x00006a21      0x450 AIS3624DQ.o
 .debug_macro   0x00006e71       0x5e AIS3624DQ.o
 .debug_macro   0x00006ecf       0x3a AIS3624DQ.o
 .debug_macro   0x00006f09      0x21c AIS3624DQ.o
 .debug_macro   0x00007125      0x788 AIS3624DQ.o
 .debug_macro   0x000078ad       0x5e AIS3624DQ.o
 .debug_macro   0x0000790b      0x638 AIS3624DQ.o
 .debug_macro   0x00007f43      0x3ab AIS3624DQ.o
 .debug_macro   0x000082ee      0xc75 AIS3624DQ.o
 .debug_macro   0x00008f63     0x1092 AIS3624DQ.o
 .debug_macro   0x00009ff5      0xc4a AIS3624DQ.o
 .debug_macro   0x0000ac3f      0x6ba AIS3624DQ.o
 .debug_macro   0x0000b2f9     0x1bba AIS3624DQ.o
 .debug_macro   0x0000ceb3      0x33f AIS3624DQ.o
 .debug_macro   0x0000d1f2       0x7c AIS3624DQ.o
 .debug_macro   0x0000d26e       0xa0 AIS3624DQ.o
 .debug_macro   0x0000d30e       0x4c AIS3624DQ.o
 .debug_macro   0x0000d35a       0xca AIS3624DQ.o
 .debug_macro   0x0000d424       0x94 AIS3624DQ.o
 .debug_macro   0x0000d4b8       0x58 AIS3624DQ.o
 .debug_macro   0x0000d510      0x340 AIS3624DQ.o
 .debug_macro   0x0000d850       0x82 AIS3624DQ.o
 .debug_macro   0x0000d8d2      0x188 AIS3624DQ.o
 .debug_macro   0x0000da5a       0x10 AIS3624DQ.o
 .debug_macro   0x0000da6a       0xa0 AIS3624DQ.o
 .debug_macro   0x0000db0a       0xb8 AIS3624DQ.o
 .debug_macro   0x0000dbc2       0x1c AIS3624DQ.o
 .debug_macro   0x0000dbde       0x1c AIS3624DQ.o
 .debug_macro   0x0000dbfa       0x1c AIS3624DQ.o
 .debug_macro   0x0000dc16       0x82 AIS3624DQ.o
 .debug_macro   0x0000dc98      0x15a AIS3624DQ.o
 .debug_macro   0x0000ddf2       0xdc AIS3624DQ.o
 .debug_macro   0x0000dece      0x124 AIS3624DQ.o
 .debug_macro   0x0000dff2      0x124 AIS3624DQ.o
 .debug_macro   0x0000e116      0x124 AIS3624DQ.o
 .debug_macro   0x0000e23a      0x124 AIS3624DQ.o
 .debug_macro   0x0000e35e      0x124 AIS3624DQ.o
 .debug_macro   0x0000e482      0x124 AIS3624DQ.o
 .debug_macro   0x0000e5a6      0x124 AIS3624DQ.o
 .debug_macro   0x0000e6ca       0xe2 AIS3624DQ.o
 .debug_macro   0x0000e7ac       0xe2 AIS3624DQ.o
 .debug_macro   0x0000e88e       0xe2 AIS3624DQ.o
 .debug_macro   0x0000e970       0xe2 AIS3624DQ.o
 .debug_macro   0x0000ea52       0xe2 AIS3624DQ.o
 .debug_macro   0x0000eb34      0x130 AIS3624DQ.o
 .debug_macro   0x0000ec64      0x106 AIS3624DQ.o
 .debug_macro   0x0000ed6a       0xfa AIS3624DQ.o
 .debug_macro   0x0000ee64       0x40 AIS3624DQ.o
 .debug_macro   0x0000eea4      0x376 AIS3624DQ.o
 .debug_macro   0x0000f21a     0x1496 AIS3624DQ.o
 .debug_macro   0x000106b0       0x82 AIS3624DQ.o
 .debug_macro   0x00010732       0x52 AIS3624DQ.o
 .debug_macro   0x00010784       0x35 AIS3624DQ.o
 .debug_macro   0x000107b9       0x9c AIS3624DQ.o
 .debug_macro   0x00010855       0x16 AIS3624DQ.o
 .debug_macro   0x0001086b       0x35 AIS3624DQ.o
 .debug_macro   0x000108a0      0x337 AIS3624DQ.o
 .debug_macro   0x00010bd7       0x10 AIS3624DQ.o
 .debug_macro   0x00010be7       0x52 AIS3624DQ.o
 .debug_macro   0x00010c39       0x1f AIS3624DQ.o
 .debug_macro   0x00010c58       0x43 AIS3624DQ.o
 .debug_macro   0x00010c9b       0x20 AIS3624DQ.o
 .debug_macro   0x00010cbb      0x187 AIS3624DQ.o
 .debug_macro   0x00010e42       0x10 AIS3624DQ.o
 .debug_macro   0x00010e52       0xb6 AIS3624DQ.o
 .debug_macro   0x00010f08       0x16 AIS3624DQ.o
 .debug_macro   0x00010f1e      0x145 AIS3624DQ.o
 .debug_macro   0x00011063      0x143 AIS3624DQ.o
 .debug_macro   0x000111a6       0x10 AIS3624DQ.o
 .debug_macro   0x000111b6      0x3c3 AIS3624DQ.o
 .debug_macro   0x00011579       0x10 AIS3624DQ.o
 .debug_macro   0x00011589       0x16 AIS3624DQ.o
 .debug_macro   0x0001159f       0x22 AIS3624DQ.o
 .debug_macro   0x000115c1       0xea AIS3624DQ.o
 .debug_macro   0x000116ab       0x51 AIS3624DQ.o
 .debug_macro   0x000116fc       0x3f AIS3624DQ.o
 .debug_macro   0x0001173b      0x3c3 AIS3624DQ.o
 .debug_macro   0x00011afe       0x11 AIS3624DQ.o
 .debug_macro   0x00011b0f       0x16 AIS3624DQ.o
 .debug_macro   0x00011b25       0x16 AIS3624DQ.o
 .debug_macro   0x00011b3b      0x2c6 AIS3624DQ.o
 .debug_macro   0x00011e01       0x10 AIS3624DQ.o
 .debug_macro   0x00011e11      0x65b AIS3624DQ.o
 .debug_macro   0x0001246c       0x11 AIS3624DQ.o
 .debug_macro   0x0001247d       0x12 AIS3624DQ.o
 .debug_macro   0x0001248f       0x16 AIS3624DQ.o
 .debug_macro   0x000124a5       0x2e AIS3624DQ.o
 .debug_macro   0x000124d3       0xb2 AIS3624DQ.o
 .debug_macro   0x00012585       0x10 AIS3624DQ.o
 .debug_macro   0x00012595       0x27 AIS3624DQ.o
 .debug_macro   0x000125bc       0x50 AIS3624DQ.o
 .debug_macro   0x0001260c      0x601 main.o
 .debug_macro   0x00012c0d       0x10 main.o
 .debug_macro   0x00012c1d       0x9f main.o
 .debug_macro   0x00012cbc      0x591 src/ASF/sam0/drivers/sercom/i2c/i2c_sam0/i2c_master.o
 .debug_macro   0x0001324d      0x8bc src/ASF/sam0/drivers/sercom/i2c/i2c_sam0/i2c_master.o
 .debug_macro   0x00013b09      0x16d src/ASF/sam0/drivers/sercom/i2c/i2c_sam0/i2c_master.o
 .debug_macro   0x00013c76       0x87 src/ASF/sam0/drivers/sercom/i2c/i2c_sam0/i2c_master.o
 .debug_macro   0x00013cfd       0x22 src/ASF/sam0/drivers/sercom/i2c/i2c_sam0/i2c_master.o
 .debug_macro   0x00013d1f      0x250 src/ASF/sam0/drivers/sercom/i2c/i2c_sam0/i2c_master.o
 .debug_macro   0x00013f6f       0x9c src/ASF/sam0/drivers/sercom/i2c/i2c_sam0/i2c_master.o
 .debug_macro   0x0001400b       0x35 src/ASF/sam0/drivers/sercom/i2c/i2c_sam0/i2c_master.o
 .debug_macro   0x00014040      0x330 src/ASF/sam0/drivers/sercom/i2c/i2c_sam0/i2c_master.o
 .debug_macro   0x00014370       0x43 src/ASF/sam0/drivers/sercom/i2c/i2c_sam0/i2c_master.o
 .debug_macro   0x000143b3       0x1c src/ASF/sam0/drivers/sercom/i2c/i2c_sam0/i2c_master.o
 .debug_macro   0x000143cf       0x52 src/ASF/sam0/drivers/sercom/i2c/i2c_sam0/i2c_master.o
 .debug_macro   0x00014421       0x40 src/ASF/sam0/drivers/sercom/i2c/i2c_sam0/i2c_master.o
 .debug_macro   0x00014461       0x10 src/ASF/sam0/drivers/sercom/i2c/i2c_sam0/i2c_master.o
 .debug_macro   0x00014471       0x40 src/ASF/sam0/drivers/sercom/i2c/i2c_sam0/i2c_master.o
 .debug_macro   0x000144b1       0xd7 src/ASF/sam0/drivers/sercom/i2c/i2c_sam0/i2c_master.o
 .debug_macro   0x00014588      0x18b src/ASF/sam0/drivers/sercom/i2c/i2c_sam0/i2c_master.o
 .debug_macro   0x00014713       0x16 src/ASF/sam0/drivers/sercom/i2c/i2c_sam0/i2c_master.o
 .debug_macro   0x00014729       0x29 src/ASF/sam0/drivers/sercom/i2c/i2c_sam0/i2c_master.o
 .debug_macro   0x00014752      0x3df src/ASF/sam0/drivers/sercom/i2c/i2c_sam0/i2c_master.o
 .debug_macro   0x00014b31      0x4fe src/ASF/sam0/utils/stdio/read.o
 .debug_macro   0x0001502f      0x4fe src/ASF/sam0/utils/stdio/write.o
 .debug_macro   0x0001552d      0x583 src/ASF/sam0/drivers/sercom/usart/usart.o
 .debug_macro   0x00015ab0       0x51 src/ASF/sam0/drivers/sercom/usart/usart.o
 .debug_macro   0x00015b01      0x58b src/ASF/sam0/drivers/sercom/sercom.o
 .debug_macro   0x0001608c      0x539 src/ASF/common2/services/delay/sam0/systick_counter.o
 .debug_macro   0x000165c5      0x4fe src/ASF/common/utils/interrupt/interrupt_sam_nvic.o
 .debug_macro   0x00016ac3      0x539 src/ASF/sam0/boards/samha1g16a_xplained_pro/board_init.o
 .debug_macro   0x00016ffc      0x518 src/ASF/sam0/drivers/port/port.o
 .debug_macro   0x00017514      0x56f src/ASF/sam0/drivers/system/clock/clock_samd21_r21_da_ha1/clock.o
 .debug_macro   0x00017a83      0x29d src/ASF/sam0/drivers/system/clock/clock_samd21_r21_da_ha1/clock.o
 .debug_macro   0x00017d20      0x534 src/ASF/sam0/drivers/system/clock/clock_samd21_r21_da_ha1/gclk.o
 .debug_macro   0x00018254      0x510 src/ASF/sam0/drivers/system/pinmux/pinmux.o
 .debug_macro   0x00018764      0x2e5 src/ASF/sam0/utils/cmsis/samha1/source/gcc/startup_samha1.o
 .debug_macro   0x00018a49       0x40 src/ASF/sam0/utils/cmsis/samha1/source/gcc/startup_samha1.o
 .debug_macro   0x00018a89      0x2eb src/ASF/sam0/utils/cmsis/samha1/source/system_samha1.o
 .debug_macro   0x00018d74      0x1d6 src/ASF/sam0/utils/syscalls/gcc/syscalls.o
 .debug_macro   0x00018f4a       0x4c src/ASF/sam0/utils/syscalls/gcc/syscalls.o
 .debug_macro   0x00018f96       0x8d src/ASF/sam0/utils/syscalls/gcc/syscalls.o
 .debug_macro   0x00019023       0x57 src/ASF/sam0/utils/syscalls/gcc/syscalls.o
 .debug_macro   0x0001907a       0x97 src/ASF/sam0/utils/syscalls/gcc/syscalls.o
 .debug_macro   0x00019111       0xf6 src/ASF/sam0/utils/syscalls/gcc/syscalls.o
 .debug_macro   0x00019207       0x4c src/ASF/sam0/utils/syscalls/gcc/syscalls.o
 .debug_macro   0x00019253       0x16 src/ASF/sam0/utils/syscalls/gcc/syscalls.o
 .debug_macro   0x00019269       0x10 src/ASF/sam0/utils/syscalls/gcc/syscalls.o
 .debug_macro   0x00019279       0x10 src/ASF/sam0/utils/syscalls/gcc/syscalls.o
 .debug_macro   0x00019289       0x35 src/ASF/sam0/utils/syscalls/gcc/syscalls.o
 .debug_macro   0x000192be      0x122 src/ASF/sam0/utils/syscalls/gcc/syscalls.o

.debug_line     0x00000000     0xa442
 .debug_line    0x00000000      0xea0 AIS3624DQ.o
 .debug_line    0x00000ea0      0xe04 main.o
 .debug_line    0x00001ca4      0xd69 src/ASF/sam0/drivers/sercom/i2c/i2c_sam0/i2c_master.o
 .debug_line    0x00002a0d      0x827 src/ASF/sam0/utils/stdio/read.o
 .debug_line    0x00003234      0x81b src/ASF/sam0/utils/stdio/write.o
 .debug_line    0x00003a4f      0xc83 src/ASF/sam0/drivers/sercom/usart/usart.o
 .debug_line    0x000046d2      0xb46 src/ASF/sam0/drivers/sercom/sercom.o
 .debug_line    0x00005218      0x940 src/ASF/common2/services/delay/sam0/systick_counter.o
 .debug_line    0x00005b58      0x84a src/ASF/common/utils/interrupt/interrupt_sam_nvic.o
 .debug_line    0x000063a2      0x8f7 src/ASF/sam0/boards/samha1g16a_xplained_pro/board_init.o
 .debug_line    0x00006c99      0x876 src/ASF/sam0/drivers/port/port.o
 .debug_line    0x0000750f      0xbcb src/ASF/sam0/drivers/system/clock/clock_samd21_r21_da_ha1/clock.o
 .debug_line    0x000080da      0xbf1 src/ASF/sam0/drivers/system/clock/clock_samd21_r21_da_ha1/gclk.o
 .debug_line    0x00008ccb      0x8a6 src/ASF/sam0/drivers/system/pinmux/pinmux.o
 .debug_line    0x00009571      0x5c6 src/ASF/sam0/utils/cmsis/samha1/source/gcc/startup_samha1.o
 .debug_line    0x00009b37      0x585 src/ASF/sam0/utils/cmsis/samha1/source/system_samha1.o
 .debug_line    0x0000a0bc      0x386 src/ASF/sam0/utils/syscalls/gcc/syscalls.o

.debug_str      0x00000000    0x7bb76
 .debug_str     0x00000000    0x7571b AIS3624DQ.o
                              0x7624f (size before relaxing)
 .debug_str     0x0007571b      0x881 main.o
                              0x7656a (size before relaxing)
 .debug_str     0x00075f9c     0x1807 src/ASF/sam0/drivers/sercom/i2c/i2c_sam0/i2c_master.o
                              0x722f9 (size before relaxing)
 .debug_str     0x000777a3       0x2a src/ASF/sam0/utils/stdio/read.o
                              0x7026e (size before relaxing)
 .debug_str     0x000777cd       0x24 src/ASF/sam0/utils/stdio/write.o
                              0x7026f (size before relaxing)
 .debug_str     0x000777f1      0x1ef src/ASF/sam0/drivers/sercom/usart/usart.o
                              0x72530 (size before relaxing)
 .debug_str     0x000779e0      0x24c src/ASF/sam0/drivers/sercom/sercom.o
                              0x71952 (size before relaxing)
 .debug_str     0x00077c2c       0xb1 src/ASF/common2/services/delay/sam0/systick_counter.o
                              0x704d7 (size before relaxing)
 .debug_str     0x00077cdd       0x94 src/ASF/common/utils/interrupt/interrupt_sam_nvic.o
                              0x702c7 (size before relaxing)
 .debug_str     0x00077d71      0x232 src/ASF/sam0/boards/samha1g16a_xplained_pro/board_init.o
                              0x72d3b (size before relaxing)
 .debug_str     0x00077fa3       0x5e src/ASF/sam0/drivers/port/port.o
                              0x706cd (size before relaxing)
 .debug_str     0x00078001     0x277e src/ASF/sam0/drivers/system/clock/clock_samd21_r21_da_ha1/clock.o
                              0x73424 (size before relaxing)
 .debug_str     0x0007a77f      0x233 src/ASF/sam0/drivers/system/clock/clock_samd21_r21_da_ha1/gclk.o
                              0x70f84 (size before relaxing)
 .debug_str     0x0007a9b2       0xf4 src/ASF/sam0/drivers/system/pinmux/pinmux.o
                              0x706be (size before relaxing)
 .debug_str     0x0007aaa6      0x8fc src/ASF/sam0/utils/cmsis/samha1/source/gcc/startup_samha1.o
                              0x5bd5e (size before relaxing)
 .debug_str     0x0007b3a2       0x69 src/ASF/sam0/utils/cmsis/samha1/source/system_samha1.o
                              0x5b2b5 (size before relaxing)
 .debug_str     0x0007b40b      0x76b src/ASF/sam0/utils/syscalls/gcc/syscalls.o
                               0x725e (size before relaxing)

.debug_frame    0x00000000     0x1a4c
 .debug_frame   0x00000000      0x1a4 AIS3624DQ.o
 .debug_frame   0x000001a4       0xc0 main.o
 .debug_frame   0x00000264      0x1e8 src/ASF/sam0/drivers/sercom/i2c/i2c_sam0/i2c_master.o
 .debug_frame   0x0000044c       0x34 src/ASF/sam0/utils/stdio/read.o
 .debug_frame   0x00000480       0x34 src/ASF/sam0/utils/stdio/write.o
 .debug_frame   0x000004b4       0xac src/ASF/sam0/drivers/sercom/usart/usart.o
 .debug_frame   0x00000560       0xbc src/ASF/sam0/drivers/sercom/sercom.o
 .debug_frame   0x0000061c       0x64 src/ASF/common2/services/delay/sam0/systick_counter.o
 .debug_frame   0x00000680       0x30 src/ASF/common/utils/interrupt/interrupt_sam_nvic.o
 .debug_frame   0x000006b0       0x30 src/ASF/sam0/boards/samha1g16a_xplained_pro/board_init.o
 .debug_frame   0x000006e0       0x44 src/ASF/sam0/drivers/port/port.o
 .debug_frame   0x00000724      0x14c src/ASF/sam0/drivers/system/clock/clock_samd21_r21_da_ha1/clock.o
 .debug_frame   0x00000870      0x148 src/ASF/sam0/drivers/system/clock/clock_samd21_r21_da_ha1/gclk.o
 .debug_frame   0x000009b8       0x74 src/ASF/sam0/drivers/system/pinmux/pinmux.o
 .debug_frame   0x00000a2c       0x38 src/ASF/sam0/utils/cmsis/samha1/source/gcc/startup_samha1.o
 .debug_frame   0x00000a64       0x30 src/ASF/sam0/utils/cmsis/samha1/source/system_samha1.o
 .debug_frame   0x00000a94       0xa0 src/ASF/sam0/utils/syscalls/gcc/syscalls.o
 .debug_frame   0x00000b34       0x2c d:/7.0/toolchain/arm/arm-gnu-toolchain/bin/../lib/gcc/arm-none-eabi/6.2.1/../../../../arm-none-eabi/lib/thumb/v6-m\libc_nano.a(lib_a-init.o)
 .debug_frame   0x00000b60       0x20 d:/7.0/toolchain/arm/arm-gnu-toolchain/bin/../lib/gcc/arm-none-eabi/6.2.1/../../../../arm-none-eabi/lib/thumb/v6-m\libc_nano.a(lib_a-memset.o)
 .debug_frame   0x00000b80       0x70 d:/7.0/toolchain/arm/arm-gnu-toolchain/bin/../lib/gcc/arm-none-eabi/6.2.1/../../../../arm-none-eabi/lib/thumb/v6-m\libc_nano.a(lib_a-nano-vfprintf_float.o)
 .debug_frame   0x00000bf0       0x54 d:/7.0/toolchain/arm/arm-gnu-toolchain/bin/../lib/gcc/arm-none-eabi/6.2.1/../../../../arm-none-eabi/lib/thumb/v6-m\libc_nano.a(lib_a-nano-vfprintf_i.o)
 .debug_frame   0x00000c44       0x50 d:/7.0/toolchain/arm/arm-gnu-toolchain/bin/../lib/gcc/arm-none-eabi/6.2.1/../../../../arm-none-eabi/lib/thumb/v6-m\libc_nano.a(lib_a-printf.o)
 .debug_frame   0x00000c94       0x44 d:/7.0/toolchain/arm/arm-gnu-toolchain/bin/../lib/gcc/arm-none-eabi/6.2.1/../../../../arm-none-eabi/lib/thumb/v6-m\libc_nano.a(lib_a-puts.o)
 .debug_frame   0x00000cd8       0x28 d:/7.0/toolchain/arm/arm-gnu-toolchain/bin/../lib/gcc/arm-none-eabi/6.2.1/../../../../arm-none-eabi/lib/thumb/v6-m\libc_nano.a(lib_a-setbuf.o)
 .debug_frame   0x00000d00       0x30 d:/7.0/toolchain/arm/arm-gnu-toolchain/bin/../lib/gcc/arm-none-eabi/6.2.1/../../../../arm-none-eabi/lib/thumb/v6-m\libc_nano.a(lib_a-setvbuf.o)
 .debug_frame   0x00000d30       0x48 d:/7.0/toolchain/arm/arm-gnu-toolchain/bin/../lib/gcc/arm-none-eabi/6.2.1/../../../../arm-none-eabi/lib/thumb/v6-m\libc_nano.a(lib_a-wbuf.o)
 .debug_frame   0x00000d78       0x2c d:/7.0/toolchain/arm/arm-gnu-toolchain/bin/../lib/gcc/arm-none-eabi/6.2.1/../../../../arm-none-eabi/lib/thumb/v6-m\libc_nano.a(lib_a-wsetup.o)
 .debug_frame   0x00000da4       0x54 d:/7.0/toolchain/arm/arm-gnu-toolchain/bin/../lib/gcc/arm-none-eabi/6.2.1/../../../../arm-none-eabi/lib/thumb/v6-m\libc_nano.a(lib_a-dtoa.o)
 .debug_frame   0x00000df8       0x68 d:/7.0/toolchain/arm/arm-gnu-toolchain/bin/../lib/gcc/arm-none-eabi/6.2.1/../../../../arm-none-eabi/lib/thumb/v6-m\libc_nano.a(lib_a-fflush.o)
 .debug_frame   0x00000e60      0x140 d:/7.0/toolchain/arm/arm-gnu-toolchain/bin/../lib/gcc/arm-none-eabi/6.2.1/../../../../arm-none-eabi/lib/thumb/v6-m\libc_nano.a(lib_a-findfp.o)
 .debug_frame   0x00000fa0       0x58 d:/7.0/toolchain/arm/arm-gnu-toolchain/bin/../lib/gcc/arm-none-eabi/6.2.1/../../../../arm-none-eabi/lib/thumb/v6-m\libc_nano.a(lib_a-fwalk.o)
 .debug_frame   0x00000ff8       0x40 d:/7.0/toolchain/arm/arm-gnu-toolchain/bin/../lib/gcc/arm-none-eabi/6.2.1/../../../../arm-none-eabi/lib/thumb/v6-m\libc_nano.a(lib_a-localeconv.o)
 .debug_frame   0x00001038       0x54 d:/7.0/toolchain/arm/arm-gnu-toolchain/bin/../lib/gcc/arm-none-eabi/6.2.1/../../../../arm-none-eabi/lib/thumb/v6-m\libc_nano.a(lib_a-makebuf.o)
 .debug_frame   0x0000108c       0x40 d:/7.0/toolchain/arm/arm-gnu-toolchain/bin/../lib/gcc/arm-none-eabi/6.2.1/../../../../arm-none-eabi/lib/thumb/v6-m\libc_nano.a(lib_a-malloc.o)
 .debug_frame   0x000010cc       0x20 d:/7.0/toolchain/arm/arm-gnu-toolchain/bin/../lib/gcc/arm-none-eabi/6.2.1/../../../../arm-none-eabi/lib/thumb/v6-m\libc_nano.a(lib_a-memchr-stub.o)
 .debug_frame   0x000010ec       0x28 d:/7.0/toolchain/arm/arm-gnu-toolchain/bin/../lib/gcc/arm-none-eabi/6.2.1/../../../../arm-none-eabi/lib/thumb/v6-m\libc_nano.a(lib_a-memcpy-stub.o)
 .debug_frame   0x00001114      0x238 d:/7.0/toolchain/arm/arm-gnu-toolchain/bin/../lib/gcc/arm-none-eabi/6.2.1/../../../../arm-none-eabi/lib/thumb/v6-m\libc_nano.a(lib_a-mprec.o)
 .debug_frame   0x0000134c       0x2c d:/7.0/toolchain/arm/arm-gnu-toolchain/bin/../lib/gcc/arm-none-eabi/6.2.1/../../../../arm-none-eabi/lib/thumb/v6-m\libc_nano.a(lib_a-nano-callocr.o)
 .debug_frame   0x00001378       0x2c d:/7.0/toolchain/arm/arm-gnu-toolchain/bin/../lib/gcc/arm-none-eabi/6.2.1/../../../../arm-none-eabi/lib/thumb/v6-m\libc_nano.a(lib_a-nano-freer.o)
 .debug_frame   0x000013a4       0x2c d:/7.0/toolchain/arm/arm-gnu-toolchain/bin/../lib/gcc/arm-none-eabi/6.2.1/../../../../arm-none-eabi/lib/thumb/v6-m\libc_nano.a(lib_a-nano-mallocr.o)
 .debug_frame   0x000013d0       0x9c d:/7.0/toolchain/arm/arm-gnu-toolchain/bin/../lib/gcc/arm-none-eabi/6.2.1/../../../../arm-none-eabi/lib/thumb/v6-m\libc_nano.a(lib_a-nano-vfprintf.o)
 .debug_frame   0x0000146c       0x2c d:/7.0/toolchain/arm/arm-gnu-toolchain/bin/../lib/gcc/arm-none-eabi/6.2.1/../../../../arm-none-eabi/lib/thumb/v6-m\libc_nano.a(lib_a-sbrkr.o)
 .debug_frame   0x00001498       0x90 d:/7.0/toolchain/arm/arm-gnu-toolchain/bin/../lib/gcc/arm-none-eabi/6.2.1/../../../../arm-none-eabi/lib/thumb/v6-m\libc_nano.a(lib_a-stdio.o)
 .debug_frame   0x00001528       0x2c d:/7.0/toolchain/arm/arm-gnu-toolchain/bin/../lib/gcc/arm-none-eabi/6.2.1/../../../../arm-none-eabi/lib/thumb/v6-m\libc_nano.a(lib_a-writer.o)
 .debug_frame   0x00001554       0x2c d:/7.0/toolchain/arm/arm-gnu-toolchain/bin/../lib/gcc/arm-none-eabi/6.2.1/../../../../arm-none-eabi/lib/thumb/v6-m\libc_nano.a(lib_a-closer.o)
 .debug_frame   0x00001580       0x2c d:/7.0/toolchain/arm/arm-gnu-toolchain/bin/../lib/gcc/arm-none-eabi/6.2.1/../../../../arm-none-eabi/lib/thumb/v6-m\libc_nano.a(lib_a-fstatr.o)
 .debug_frame   0x000015ac       0x2c d:/7.0/toolchain/arm/arm-gnu-toolchain/bin/../lib/gcc/arm-none-eabi/6.2.1/../../../../arm-none-eabi/lib/thumb/v6-m\libc_nano.a(lib_a-isattyr.o)
 .debug_frame   0x000015d8       0x74 d:/7.0/toolchain/arm/arm-gnu-toolchain/bin/../lib/gcc/arm-none-eabi/6.2.1/../../../../arm-none-eabi/lib/thumb/v6-m\libc_nano.a(lib_a-locale.o)
 .debug_frame   0x0000164c       0x2c d:/7.0/toolchain/arm/arm-gnu-toolchain/bin/../lib/gcc/arm-none-eabi/6.2.1/../../../../arm-none-eabi/lib/thumb/v6-m\libc_nano.a(lib_a-lseekr.o)
 .debug_frame   0x00001678       0x44 d:/7.0/toolchain/arm/arm-gnu-toolchain/bin/../lib/gcc/arm-none-eabi/6.2.1/../../../../arm-none-eabi/lib/thumb/v6-m\libc_nano.a(lib_a-mbtowc_r.o)
 .debug_frame   0x000016bc       0x30 d:/7.0/toolchain/arm/arm-gnu-toolchain/bin/../lib/gcc/arm-none-eabi/6.2.1/../../../../arm-none-eabi/lib/thumb/v6-m\libc_nano.a(lib_a-mlock.o)
 .debug_frame   0x000016ec       0x2c d:/7.0/toolchain/arm/arm-gnu-toolchain/bin/../lib/gcc/arm-none-eabi/6.2.1/../../../../arm-none-eabi/lib/thumb/v6-m\libc_nano.a(lib_a-readr.o)
 .debug_frame   0x00001718       0x48 d:/7.0/toolchain/arm/arm-gnu-toolchain/bin/../lib/gcc/arm-none-eabi/6.2.1/../../../../arm-none-eabi/lib/thumb/v6-m\libc_nano.a(lib_a-reent.o)
 .debug_frame   0x00001760       0x38 d:/7.0/toolchain/arm/arm-gnu-toolchain/bin/../lib/gcc/arm-none-eabi/6.2.1/../../../../arm-none-eabi/lib/thumb/v6-m\libc_nano.a(lib_a-wctomb_r.o)
 .debug_frame   0x00001798       0x20 d:/7.0/toolchain/arm/arm-gnu-toolchain/bin/../lib/gcc/arm-none-eabi/6.2.1/thumb/v6-m\libgcc.a(_udivsi3.o)
 .debug_frame   0x000017b8       0x20 d:/7.0/toolchain/arm/arm-gnu-toolchain/bin/../lib/gcc/arm-none-eabi/6.2.1/thumb/v6-m\libgcc.a(_divsi3.o)
 .debug_frame   0x000017d8       0x34 d:/7.0/toolchain/arm/arm-gnu-toolchain/bin/../lib/gcc/arm-none-eabi/6.2.1/thumb/v6-m\libgcc.a(_muldi3.o)
 .debug_frame   0x0000180c       0x3c d:/7.0/toolchain/arm/arm-gnu-toolchain/bin/../lib/gcc/arm-none-eabi/6.2.1/thumb/v6-m\libgcc.a(adddf3.o)
 .debug_frame   0x00001848       0x3c d:/7.0/toolchain/arm/arm-gnu-toolchain/bin/../lib/gcc/arm-none-eabi/6.2.1/thumb/v6-m\libgcc.a(divdf3.o)
 .debug_frame   0x00001884       0x38 d:/7.0/toolchain/arm/arm-gnu-toolchain/bin/../lib/gcc/arm-none-eabi/6.2.1/thumb/v6-m\libgcc.a(eqdf2.o)
 .debug_frame   0x000018bc       0x38 d:/7.0/toolchain/arm/arm-gnu-toolchain/bin/../lib/gcc/arm-none-eabi/6.2.1/thumb/v6-m\libgcc.a(gedf2.o)
 .debug_frame   0x000018f4       0x38 d:/7.0/toolchain/arm/arm-gnu-toolchain/bin/../lib/gcc/arm-none-eabi/6.2.1/thumb/v6-m\libgcc.a(ledf2.o)
 .debug_frame   0x0000192c       0x3c d:/7.0/toolchain/arm/arm-gnu-toolchain/bin/../lib/gcc/arm-none-eabi/6.2.1/thumb/v6-m\libgcc.a(muldf3.o)
 .debug_frame   0x00001968       0x38 d:/7.0/toolchain/arm/arm-gnu-toolchain/bin/../lib/gcc/arm-none-eabi/6.2.1/thumb/v6-m\libgcc.a(subdf3.o)
 .debug_frame   0x000019a0       0x2c d:/7.0/toolchain/arm/arm-gnu-toolchain/bin/../lib/gcc/arm-none-eabi/6.2.1/thumb/v6-m\libgcc.a(unorddf2.o)
 .debug_frame   0x000019cc       0x2c d:/7.0/toolchain/arm/arm-gnu-toolchain/bin/../lib/gcc/arm-none-eabi/6.2.1/thumb/v6-m\libgcc.a(fixdfsi.o)
 .debug_frame   0x000019f8       0x2c d:/7.0/toolchain/arm/arm-gnu-toolchain/bin/../lib/gcc/arm-none-eabi/6.2.1/thumb/v6-m\libgcc.a(floatsidf.o)
 .debug_frame   0x00001a24       0x28 d:/7.0/toolchain/arm/arm-gnu-toolchain/bin/../lib/gcc/arm-none-eabi/6.2.1/thumb/v6-m\libgcc.a(floatunsidf.o)